Component: ARM Compiler 5.06 update 7 (build 960) Tool: armlink [4d3601]

==============================================================================

Section Cross References

    main.o(i.main) refers to drv_bsp.o(i.All_Init) for All_Init
    main.o(i.main) refers to ano_scheduler.o(i.Scheduler_Setup) for Scheduler_Setup
    main.o(i.main) refers to ano_scheduler.o(i.Scheduler_Run) for Scheduler_Run
    ano_scheduler.o(i.Loop_200Hz) refers to user_control.o(i.height_control) for height_control
    ano_scheduler.o(i.Loop_200Hz) refers to user_control.o(i.Loc_Ctrl) for Loc_Ctrl
    ano_scheduler.o(i.Loop_200Hz) refers to user_control.o(i.Ang_Ctrl) for Ang_Ctrl
    ano_scheduler.o(i.Loop_200Hz) refers to user_control.o(i.FC_Ctrl) for FC_Ctrl
    ano_scheduler.o(i.Loop_200Hz) refers to user_send.o(.bss) for LX_FC
    ano_scheduler.o(i.Loop_200Hz) refers to drv_anoof.o(.bss) for ano_of
    ano_scheduler.o(i.Loop_200Hz) refers to user_control.o(.data) for Exp_Alt_Zcm
    ano_scheduler.o(i.Loop_200Hz) refers to mid360.o(.bss) for mid360_DATA
    ano_scheduler.o(i.Loop_20Hz) refers to mid360.o(i.Mid360send_Data) for Mid360send_Data
    ano_scheduler.o(i.Loop_20Hz) refers to user_send.o(i.Send_To_Analyze) for Send_To_Analyze
    ano_scheduler.o(i.Loop_50Hz) refers to user_task.o(i.User_Height) for User_Height
    ano_scheduler.o(i.Loop_50Hz) refers to mid360.o(i.Mid360_UpdateCheck) for Mid360_UpdateCheck
    ano_scheduler.o(i.Scheduler_Run) refers to drv_sys.o(i.GetSysRunTimeMs) for GetSysRunTimeMs
    ano_scheduler.o(i.Scheduler_Run) refers to ano_scheduler.o(.data) for sched_tasks
    ano_scheduler.o(i.Scheduler_Setup) refers to ano_scheduler.o(.data) for sched_tasks
    ano_scheduler.o(.data) refers to ano_scheduler.o(i.Loop_1000Hz) for Loop_1000Hz
    ano_scheduler.o(.data) refers to ano_scheduler.o(i.Loop_500Hz) for Loop_500Hz
    ano_scheduler.o(.data) refers to ano_scheduler.o(i.Loop_200Hz) for Loop_200Hz
    ano_scheduler.o(.data) refers to ano_scheduler.o(i.Loop_100Hz) for Loop_100Hz
    ano_scheduler.o(.data) refers to ano_scheduler.o(i.Loop_50Hz) for Loop_50Hz
    ano_scheduler.o(.data) refers to ano_scheduler.o(i.Loop_20Hz) for Loop_20Hz
    ano_scheduler.o(.data) refers to ano_scheduler.o(i.Loop_2Hz) for Loop_2Hz
    user_task.o(i.UserTask_NewControl) refers to user_control.o(i.AllInit) for AllInit
    user_task.o(i.UserTask_NewControl) refers to lx_fc_fun.o(i.OneKey_Takeoff) for OneKey_Takeoff
    user_task.o(i.UserTask_NewControl) refers to lx_fc_fun.o(i.LX_Change_Mode) for LX_Change_Mode
    user_task.o(i.UserTask_NewControl) refers to lx_fc_fun.o(i.FC_Unlock) for FC_Unlock
    user_task.o(i.UserTask_NewControl) refers to ano_lx.o(.data) for fc_att
    user_task.o(i.UserTask_NewControl) refers to user_task.o(.data) for fc_yaw
    user_task.o(i.UserTask_NewControl) refers to drv_bsp.o(.bss) for rc_in
    user_task.o(i.UserTask_NewControl) refers to user_send.o(.bss) for LX_FC
    user_task.o(i.UserTask_NewControl) refers to user_control.o(.data) for ProgramAutoLand
    user_task.o(i.UserTask_NewControl) refers to lx_fc_fun.o(i.FC_Lock) for FC_Lock
    user_task.o(i.User_Height) refers to user_control.o(i.AllInit) for AllInit
    user_task.o(i.User_Height) refers to lx_fc_fun.o(i.OneKey_Takeoff) for OneKey_Takeoff
    user_task.o(i.User_Height) refers to lx_fc_fun.o(i.LX_Change_Mode) for LX_Change_Mode
    user_task.o(i.User_Height) refers to lx_fc_fun.o(i.FC_Unlock) for FC_Unlock
    user_task.o(i.User_Height) refers to lx_fc_fun.o(i.FC_Lock) for FC_Lock
    user_task.o(i.User_Height) refers to ano_lx.o(.data) for fc_att
    user_task.o(i.User_Height) refers to user_task.o(.data) for fc_yaw
    user_task.o(i.User_Height) refers to drv_bsp.o(.bss) for rc_in
    user_task.o(i.User_Height) refers to user_send.o(.bss) for LX_FC
    user_task.o(i.User_Height) refers to user_control.o(.data) for ProgramAutoLand
    user_task.o(i.User_Height) refers to drv_anoof.o(.bss) for ano_of
    user_task.o(i.User_Height) refers to ano_lx.o(.bss) for rt_tar
    ano_dt_lx.o(i.ANO_DT_Init) refers to ano_dt_lx.o(.bss) for dt
    ano_dt_lx.o(i.ANO_DT_LX_Data_Receive_Anl) refers to ano_dt_lx.o(i.CK_Back) for CK_Back
    ano_dt_lx.o(i.ANO_DT_LX_Data_Receive_Anl) refers to ano_dt_lx.o(i.PAR_Back) for PAR_Back
    ano_dt_lx.o(i.ANO_DT_LX_Data_Receive_Anl) refers to ano_lx.o(.bss) for pwm_to_esc
    ano_dt_lx.o(i.ANO_DT_LX_Data_Receive_Anl) refers to drv_led.o(.data) for led
    ano_dt_lx.o(i.ANO_DT_LX_Data_Receive_Anl) refers to lx_fc_state.o(.bss) for fc_sta
    ano_dt_lx.o(i.ANO_DT_LX_Data_Receive_Anl) refers to ano_lx.o(.data) for fc_vel
    ano_dt_lx.o(i.ANO_DT_LX_Data_Receive_Anl) refers to ano_dt_lx.o(.bss) for dt
    ano_dt_lx.o(i.ANO_DT_LX_Data_Receive_Prepare) refers to ano_dt_lx.o(i.ANO_DT_LX_Data_Receive_Anl) for ANO_DT_LX_Data_Receive_Anl
    ano_dt_lx.o(i.ANO_DT_LX_Data_Receive_Prepare) refers to ano_dt_lx.o(.data) for rxstate
[...]
    .text                                    0x000007c8   Section        0  llushr.o(.text)
    .text                                    0x000007e8   Section        0  __dczerorl2.o(.text)
    i.ADC0Handler                            0x00000840   Section        0  drv_adc.o(i.ADC0Handler)
    ADC0Handler                              0x00000841   Thumb Code    34  drv_adc.o(i.ADC0Handler)
    i.ADCIntRegister                         0x0000086c   Section        0  adc.o(i.ADCIntRegister)
    i.ANO_DT_Init                            0x000008d4   Section        0  ano_dt_lx.o(i.ANO_DT_Init)
    i.ANO_DT_LX_Data_Receive_Anl             0x000009ac   Section        0  ano_dt_lx.o(i.ANO_DT_LX_Data_Receive_Anl)
    ANO_DT_LX_Data_Receive_Anl               0x000009ad   Thumb Code   468  ano_dt_lx.o(i.ANO_DT_LX_Data_Receive_Anl)
    i.ANO_DT_LX_Data_Receive_Prepare         0x00000b9c   Section        0  ano_dt_lx.o(i.ANO_DT_LX_Data_Receive_Prepare)
    i.ANO_DT_LX_Send_Data                    0x00000cb4   Section        0  ano_dt_lx.o(i.ANO_DT_LX_Send_Data)
    ANO_DT_LX_Send_Data                      0x00000cb5   Thumb Code    16  ano_dt_lx.o(i.ANO_DT_LX_Send_Data)
    i.ANO_LX_Data_Exchange_Task              0x00000cc4   Section        0  ano_dt_lx.o(i.ANO_LX_Data_Exchange_Task)
    i.ANO_LX_Task                            0x00000d14   Section        0  ano_lx.o(i.ANO_LX_Task)
    i.Add_Send_Data                          0x00000ddc   Section        0  ano_dt_lx.o(i.Add_Send_Data)
    Add_Send_Data                            0x00000ddd   Thumb Code   666  ano_dt_lx.o(i.Add_Send_Data)
    i.AllInit                                0x00001098   Section        0  user_control.o(i.AllInit)
    i.All_Init                               0x00001108   Section        0  drv_bsp.o(i.All_Init)
    i.Ang_Ctrl                               0x00001170   Section        0  user_control.o(i.Ang_Ctrl)
    i.AnoOF_Check_State                      0x000012f8   Section        0  drv_anoof.o(i.AnoOF_Check_State)
    i.AnoOF_DataAnl                          0x000013b8   Section        0  drv_anoof.o(i.AnoOF_DataAnl)
    AnoOF_DataAnl                            0x000013b9   Thumb Code   364  drv_anoof.o(i.AnoOF_DataAnl)
    i.AnoOF_GetOneByte                       0x00001534   Section        0  drv_anoof.o(i.AnoOF_GetOneByte)
    i.Bat_Voltage_Data_Handle                0x00001640   Section        0  ano_lx.o(i.Bat_Voltage_Data_Handle)
    Bat_Voltage_Data_Handle                  0x00001641   Thumb Code    28  ano_lx.o(i.Bat_Voltage_Data_Handle)
    i.CK_Back                                0x00001664   Section        0  ano_dt_lx.o(i.CK_Back)
    i.CK_Back_Check                          0x00001674   Section        0  ano_dt_lx.o(i.CK_Back_Check)
    CK_Back_Check                            0x00001675   Thumb Code    90  ano_dt_lx.o(i.CK_Back_Check)
    i.CMD_Send                               0x000016dc   Section        0  ano_dt_lx.o(i.CMD_Send)
    i.Check_To_Send                          0x000016f8   Section        0  ano_dt_lx.o(i.Check_To_Send)
    Check_To_Send                            0x000016f9   Thumb Code   138  ano_dt_lx.o(i.Check_To_Send)
    i.DrvAdcInit                             0x00001788   Section        0  drv_adc.o(i.DrvAdcInit)
    i.DrvLedOnOff                            0x00001840   Section        0  drv_led.o(i.DrvLedOnOff)
    i.DrvMotorPWMSet                         0x000018f4   Section        0  drv_pwmout.o(i.DrvMotorPWMSet)
    i.DrvPpmGetOneCh                         0x000019e0   Section        0  drv_bsp.o(i.DrvPpmGetOneCh)
    i.DrvPwmOutInit                          0x00001a44   Section        0  drv_pwmout.o(i.DrvPwmOutInit)
    i.DrvRcInputInit                         0x00001d1c   Section        0  drv_bsp.o(i.DrvRcInputInit)
    i.DrvRcInputTask                         0x00001d34   Section        0  drv_bsp.o(i.DrvRcInputTask)
    i.DrvRcPpmInit                           0x00001e2c   Section        0  drv_rcin.o(i.DrvRcPpmInit)
    i.DrvRcSbusInit                          0x00001f00   Section        0  drv_rcin.o(i.DrvRcSbusInit)
    i.DrvSbusGetOneByte                      0x00001fb8   Section        0  drv_bsp.o(i.DrvSbusGetOneByte)
    i.DrvSysInit                             0x00002200   Section        0  drv_sys.o(i.DrvSysInit)
    i.DrvTimerFcInit                         0x00002250   Section        0  drv_timer.o(i.DrvTimerFcInit)
    i.DrvUart1Init                           0x000022cc   Section        0  drv_uart.o(i.DrvUart1Init)
    i.DrvUart1SendBuf                        0x0000239c   Section        0  drv_uart.o(i.DrvUart1SendBuf)
    i.DrvUart1TxCheck                        0x000023d0   Section        0  drv_uart.o(i.DrvUart1TxCheck)
    i.DrvUart2Init                           0x00002414   Section        0  drv_uart.o(i.DrvUart2Init)
    i.DrvUart2TxCheck                        0x000024ec   Section        0  drv_uart.o(i.DrvUart2TxCheck)
    i.DrvUart3Init                           0x00002530   Section        0  drv_uart.o(i.DrvUart3Init)
    i.DrvUart3SendBuf                        0x00002608   Section        0  drv_uart.o(i.DrvUart3SendBuf)
    i.DrvUart3TxCheck                        0x0000263c   Section        0  drv_uart.o(i.DrvUart3TxCheck)
    i.DrvUart4Init                           0x00002680   Section        0  drv_uart.o(i.DrvUart4Init)
    i.DrvUart4TxCheck                        0x00002758   Section        0  drv_uart.o(i.DrvUart4TxCheck)
    i.DrvUart5Init                           0x0000279c   Section        0  drv_uart.o(i.DrvUart5Init)
    i.DrvUart5SendBuf                        0x00002890   Section        0  drv_uart.o(i.DrvUart5SendBuf)
    i.DrvUart5TxCheck                        0x000028c4   Section        0  drv_uart.o(i.DrvUart5TxCheck)
    i.DrvUartDataCheck                       0x00002908   Section        0  drv_uart.o(i.DrvUartDataCheck)
    i.Drv_AdcGetBatVot                       0x00002920   Section        0  drv_adc.o(i.Drv_AdcGetBatVot)
    i.DvrLedInit                             0x00002990   Section        0  drv_led.o(i.DvrLedInit)
    i.ESC_Output                             0x00002a14   Section        0  ano_lx.o(i.ESC_Output)
    ESC_Output                               0x00002a15   Thumb Code   364  ano_lx.o(i.ESC_Output)
    i.FC_Ctrl                                0x00002b90   Section        0  user_control.o(i.FC_Ctrl)
    i.FC_DateUpdate                          0x00002ba4   Section        0  user_send.o(i.FC_DateUpdate)
    i.FC_Lock                                0x00002bf8   Section        0  lx_fc_fun.o(i.FC_Lock)
    i.FC_Unlock                              0x00002c38   Section        0  lx_fc_fun.o(i.FC_Unlock)
    i.Frame_Send                             0x00002c78   Section        0  ano_dt_lx.o(i.Frame_Send)
    Frame_Send                               0x00002c79   Thumb Code   190  ano_dt_lx.o(i.Frame_Send)
    i.GPS_Data_Prepare_Task                  0x00002d40   Section        0  drv_ubloxgps.o(i.GPS_Data_Prepare_Task)
    i.GPS_Rate_H                             0x00002e8c   Section        0  drv_ubloxgps.o(i.GPS_Rate_H)
    i.General_Velocity_Data_Handle           0x00002e9c   Section        0  lx_fc_ext_sensor.o(i.General_Velocity_Data_Handle)
    General_Velocity_Data_Handle             0x00002e9d   Thumb Code   148  lx_fc_ext_sensor.o(i.General_Velocity_Data_Handle)
    i.GetSysRunTimeMs                        0x00002f4c   Section        0  drv_sys.o(i.GetSysRunTimeMs)
    i.GetSysRunTimeUs                        0x00002f58   Section        0  drv_sys.o(i.GetSysRunTimeUs)
    i.Horizontal_Calibrate                   0x00002f8c   Section        0  lx_fc_fun.o(i.Horizontal_Calibrate)
    i.Init_GPS                               0x00002fc4   Section        0  drv_ubloxgps.o(i.Init_GPS)
    i.IntEnable                              0x000030a4   Section        0  interrupt.o(i.IntEnable)
    i.IntRegister                            0x00003108   Section        0  interrupt.o(i.IntRegister)
    i.Inverse_Rotation_Matrix                0x0000313c   Section        0  user_data.o(i.Inverse_Rotation_Matrix)
    i.LED_1ms_DRV                            0x00003208   Section        0  drv_led.o(i.LED_1ms_DRV)
    i.LX_Cali_Trig_Check                     0x00003260   Section        0  lx_fc_state.o(i.LX_Cali_Trig_Check)
    i.LX_Change_Mode                         0x00003304   Section        0  lx_fc_fun.o(i.LX_Change_Mode)
    i.LX_FC_EXT_Sensor_Task                  0x00003360   Section        0  lx_fc_ext_sensor.o(i.LX_FC_EXT_Sensor_Task)
    i.LX_FC_State_Task                       0x000033c0   Section        0  lx_fc_state.o(i.LX_FC_State_Task)
    i.LX_Unlock_Lock_Check                   0x000033e0   Section        0  lx_fc_state.o(i.LX_Unlock_Lock_Check)
    LX_Unlock_Lock_Check                     0x000033e1   Thumb Code   438  lx_fc_state.o(i.LX_Unlock_Lock_Check)
    i.Loc_Ctrl                               0x000035b0   Section        0  user_control.o(i.Loc_Ctrl)
    i.Loop_1000Hz                            0x000037d0   Section        0  ano_scheduler.o(i.Loop_1000Hz)
    Loop_1000Hz                              0x000037d1   Thumb Code     2  ano_scheduler.o(i.Loop_1000Hz)
    i.Loop_100Hz                             0x000037d2   Section        0  ano_scheduler.o(i.Loop_100Hz)
    Loop_100Hz                               0x000037d3   Thumb Code     2  ano_scheduler.o(i.Loop_100Hz)
    i.Loop_200Hz                             0x000037d4   Section        0  ano_scheduler.o(i.Loop_200Hz)
    Loop_200Hz                               0x000037d5   Thumb Code   304  ano_scheduler.o(i.Loop_200Hz)
    i.Loop_20Hz                              0x00003940   Section        0  ano_scheduler.o(i.Loop_20Hz)
    Loop_20Hz                                0x00003941   Thumb Code    12  ano_scheduler.o(i.Loop_20Hz)
    i.Loop_2Hz                               0x0000394c   Section        0  ano_scheduler.o(i.Loop_2Hz)
    Loop_2Hz                                 0x0000394d   Thumb Code     2  ano_scheduler.o(i.Loop_2Hz)
    i.Loop_500Hz                             0x0000394e   Section        0  ano_scheduler.o(i.Loop_500Hz)
    Loop_500Hz                               0x0000394f   Thumb Code     2  ano_scheduler.o(i.Loop_500Hz)
    i.Loop_50Hz                              0x00003950   Section        0  ano_scheduler.o(i.Loop_50Hz)
    Loop_50Hz                                0x00003951   Thumb Code    14  ano_scheduler.o(i.Loop_50Hz)
    i.Mag_Calibrate                          0x00003960   Section        0  lx_fc_fun.o(i.Mag_Calibrate)
    i.Mid360_Check_Reset                     0x00003998   Section        0  mid360.o(i.Mid360_Check_Reset)
    i.Mid360_DataAnl                         0x000039b8   Section        0  mid360.o(i.Mid360_DataAnl)
    Mid360_DataAnl                           0x000039b9   Thumb Code   362  mid360.o(i.Mid360_DataAnl)
    i.Mid360_UpdateCheck                     0x00003b34   Section        0  mid360.o(i.Mid360_UpdateCheck)
    i.Mid360send_Data                        0x00003b6c   Section        0  mid360.o(i.Mid360send_Data)
    i.MyDelayMs                              0x00003cf0   Section        0  drv_sys.o(i.MyDelayMs)
    i.NormalizeQuaternion                    0x00003d14   Section        0  user_data.o(i.NormalizeQuaternion)
    i.OneKey_Return_Home                     0x00003da0   Section        0  lx_fc_fun.o(i.OneKey_Return_Home)
    i.OneKey_Takeoff                         0x00003dd8   Section        0  lx_fc_fun.o(i.OneKey_Takeoff)
    i.PAR_Back                               0x00003e20   Section        0  ano_dt_lx.o(i.PAR_Back)
    i.PPM_Decode                             0x00003e34   Section        0  drv_rcin.o(i.PPM_Decode)
    PPM_Decode                               0x00003e35   Thumb Code   114  drv_rcin.o(i.PPM_Decode)
    i.RC_Data_Task                           0x00003eb8   Section        0  ano_lx.o(i.RC_Data_Task)
    RC_Data_Task                             0x00003eb9   Thumb Code   640  ano_lx.o(i.RC_Data_Task)
    i.Sbus_IRQHandler                        0x00004184   Section        0  drv_rcin.o(i.Sbus_IRQHandler)
    Sbus_IRQHandler                          0x00004185   Thumb Code    76  drv_rcin.o(i.Sbus_IRQHandler)
    i.Scheduler_Run                          0x000041d4   Section        0  ano_scheduler.o(i.Scheduler_Run)
    i.Scheduler_Setup                        0x00004224   Section        0  ano_scheduler.o(i.Scheduler_Setup)
    i.Send_To_Analyze                        0x00004274   Section        0  user_send.o(i.Send_To_Analyze)
    i.Send_To_Board                          0x00004318   Section        0  user_send.o(i.Send_To_Board)
    i.SysCtlClockGet                         0x00004380   Section        0  sysctl.o(i.SysCtlClockGet)
    i.SysTick_Handler                        0x000044d4   Section        0  drv_sys.o(i.SysTick_Handler)
    i.SysTick_Init                           0x000044ec   Section        0  drv_sys.o(i.SysTick_Init)
    i.SystemInit                             0x00004524   Section        0  system_tm4c123.o(i.SystemInit)
    i.Timer0Irq                              0x000045bc   Section        0  drv_timer.o(i.Timer0Irq)
    i.TimerIntClear                          0x000045d0   Section        0  timer.o(i.TimerIntClear)
    i.TimerIntRegister                       0x000045d4   Section        0  timer.o(i.TimerIntRegister)
    i.UART1_IRQHandler                       0x0000463c   Section        0  drv_uart.o(i.UART1_IRQHandler)
    i.UART2_IRQHandler                       0x00004694   Section        0  drv_uart.o(i.UART2_IRQHandler)
    i.UART3_IRQHandler                       0x000046ec   Section        0  drv_uart.o(i.UART3_IRQHandler)
    i.UART4_IRQHandler                       0x00004744   Section        0  drv_uart.o(i.UART4_IRQHandler)
    i.UART5_IRQHandler                       0x0000479c   Section        0  drv_uart.o(i.UART5_IRQHandler)
    i.UARTIntRegister                        0x000047f4   Section        0  uart.o(i.UARTIntRegister)
    i.UBLOX_M8_GPS_Data_Receive              0x0000484c   Section        0  drv_ubloxgps.o(i.UBLOX_M8_GPS_Data_Receive)
    i.UWB_ReceiveOneByte                     0x000049b0   Section        0  user_data.o(i.UWB_ReceiveOneByte)
    i.User_Height                            0x00004c8c   Section        0  user_task.o(i.User_Height)
    i.__hardfp_sqrt                          0x00004fa4   Section        0  sqrt.o(i.__hardfp_sqrt)
    i.__scatterload_copy                     0x0000501e   Section       14  handlers.o(i.__scatterload_copy)
    i.__scatterload_null                     0x0000502c   Section        2  handlers.o(i.__scatterload_null)
    i.__scatterload_zeroinit                 0x0000502e   Section       14  handlers.o(i.__scatterload_zeroinit)
    i.__set_errno                            0x0000503c   Section        0  errno.o(i.__set_errno)
    i.drvAdcTrigger                          0x00005048   Section        0  drv_adc.o(i.drvAdcTrigger)
    i.height_control                         0x00005060   Section        0  user_control.o(i.height_control)
    i.main                                   0x000051ec   Section        0  main.o(i.main)
    i.mid360_GetOneByte                      0x000051fc   Section        0  mid360.o(i.mid360_GetOneByte)
    i.my_deadzone                            0x000052dc   Section        0  ano_math.o(i.my_deadzone)
    i.rcSignalCheck                          0x00005314   Section        0  drv_bsp.o(i.rcSignalCheck)
    rcSignalCheck                            0x00005315   Thumb Code   168  drv_bsp.o(i.rcSignalCheck)
    .constdata                               0x000053cc   Section      596  sysctl.o(.constdata)
    g_pui32VCOFrequencies                    0x000053cc   Data           8  sysctl.o(.constdata)
    g_pui32Xtals                             0x000053d4   Data         108  sysctl.o(.constdata)
    g_pppui32XTALtoVCO                       0x00005440   Data         432  sysctl.o(.constdata)
    g_sXTALtoMEMTIM                          0x000055f0   Data          48  sysctl.o(.constdata)
    .constdata                               0x00005620   Section      160  timer.o(.constdata)
    g_ppui32TimerIntMap                      0x00005620   Data          96  timer.o(.constdata)
    g_ppui32TimerIntMapSnowflake             0x00005680   Data          64  timer.o(.constdata)
    .constdata                               0x000056c0   Section      128  uart.o(.constdata)
    g_ppui32UARTIntMap                       0x000056c0   Data          64  uart.o(.constdata)
    g_ppui32UARTIntMapSnowflake              0x00005700   Data          64  uart.o(.constdata)
    .constdata                               0x00005740   Section      268  interrupt.o(.constdata)
    g_pui32Priority                          0x00005740   Data          32  interrupt.o(.constdata)
    g_pui32Regs                              0x00005760   Data         156  interrupt.o(.constdata)
    g_pui32EnRegs                            0x000057fc   Data          20  interrupt.o(.constdata)
    g_pui32Dii16Regs                         0x00005810   Data          20  interrupt.o(.constdata)
    g_pui32PendRegs                          0x00005824   Data          20  interrupt.o(.constdata)
    g_pui32UnpendRegs                        0x00005838   Data          20  interrupt.o(.constdata)
    .data                                    0x20000000   Section       96  ano_scheduler.o(.data)
    mid360_boot_timer                        0x20000000   Data           4  ano_scheduler.o(.data)
    mid360_lost_timer                        0x20000004   Data           4  ano_scheduler.o(.data)
    mid360_overflow_cnt                      0x20000008   Data           1  ano_scheduler.o(.data)
    mid360_first_pose_received               0x20000009   Data           1  ano_scheduler.o(.data)
    mid360_status                            0x2000000a   Data           1  ano_scheduler.o(.data)
    sched_tasks                              0x2000000c   Data          84  ano_scheduler.o(.data)
    .data                                    0x20000060   Section      630  user_task.o(.data)
    mid360_boot_timer                        0x20000060   Data           4  user_task.o(.data)
    mid360_lost_timer                        0x20000064   Data           4  user_task.o(.data)
    mid360_overflow_cnt                      0x20000068   Data           1  user_task.o(.data)
    mid360_first_pose_received               0x20000069   Data           1  user_task.o(.data)
    mid360_status                            0x2000006a   Data           1  user_task.o(.data)
    start_point_xyz                          0x2000006c   Data           8  user_task.o(.data)
    expect_point_xy                          0x20000074   Data          40  user_task.o(.data)
    expect_point_xy_1                        0x2000009c   Data          40  user_task.o(.data)
    one_key_takeoff_f                        0x200002b8   Data           1  user_task.o(.data)
    one_key_land_f                           0x200002b9   Data           1  user_task.o(.data)
    one_key_mission_f                        0x200002ba   Data           1  user_task.o(.data)
    mission_step                             0x200002bb   Data           1  user_task.o(.data)
    ms                                       0x200002bc   Data           4  user_task.o(.data)
    fc_yaw                                   0x200002c0   Data           4  user_task.o(.data)
    time_dly_cnt_ms                          0x200002c4   Data           2  user_task.o(.data)
    LandTime                                 0x200002c6   Data           2  user_task.o(.data)
    one_key_takeoff_f                        0x200002c8   Data           1  user_task.o(.data)
    one_key_land_f                           0x200002c9   Data           1  user_task.o(.data)
    one_key_mission_f                        0x200002ca   Data           1  user_task.o(.data)
    mission_step                             0x200002cb   Data           1  user_task.o(.data)
    ms                                       0x200002cc   Data           4  user_task.o(.data)
    fc_yaw                                   0x200002d0   Data           4  user_task.o(.data)
    time_dly_cnt_ms                          0x200002d4   Data           2  user_task.o(.data)
    .data                                    0x200002d6   Section        6  ano_dt_lx.o(.data)
    DT_data_cnt                              0x200002d6   Data           1  ano_dt_lx.o(.data)
    repeat_cnt                               0x200002d7   Data           1  ano_dt_lx.o(.data)
    _data_len                                0x200002d8   Data           1  ano_dt_lx.o(.data)
    _data_cnt                                0x200002d9   Data           1  ano_dt_lx.o(.data)
    rxstate                                  0x200002da   Data           1  ano_dt_lx.o(.data)
    time_dly                                 0x200002db   Data           1  ano_dt_lx.o(.data)
    .data                                    0x200002dc   Section       44  ano_lx.o(.data)
    mid360_boot_timer                        0x200002dc   Data           4  ano_lx.o(.data)
    mid360_lost_timer                        0x200002e0   Data           4  ano_lx.o(.data)
    mid360_overflow_cnt                      0x200002e4   Data           1  ano_lx.o(.data)
    mid360_first_pose_received               0x200002e5   Data           1  ano_lx.o(.data)
    mid360_status                            0x200002e6   Data           1  ano_lx.o(.data)
    fail_safe_change_mod                     0x200002f8   Data           1  ano_lx.o(.data)
    fail_safe_return_home                    0x200002f9   Data           1  ano_lx.o(.data)
    mod_f                                    0x200002fa   Data           3  ano_lx.o(.data)
    mod_f_time_cnt                           0x200002fe   Data           2  ano_lx.o(.data)
    esc_calibrated                           0x20000300   Data           1  ano_lx.o(.data)
    tmp_cnt                                  0x20000302   Data           6  ano_lx.o(.data)
    .data                                    0x20000308   Section       16  lx_fc_ext_sensor.o(.data)
    mid360_boot_timer                        0x20000308   Data           4  lx_fc_ext_sensor.o(.data)
    mid360_lost_timer                        0x2000030c   Data           4  lx_fc_ext_sensor.o(.data)
    mid360_overflow_cnt                      0x20000310   Data           1  lx_fc_ext_sensor.o(.data)
    mid360_first_pose_received               0x20000311   Data           1  lx_fc_ext_sensor.o(.data)
    mid360_status                            0x20000312   Data           1  lx_fc_ext_sensor.o(.data)
    of_update_cnt                            0x20000313   Data           1  lx_fc_ext_sensor.o(.data)
    of_alt_update_cnt                        0x20000314   Data           1  lx_fc_ext_sensor.o(.data)
    MID360_update_cnt                        0x20000315   Data           1  lx_fc_ext_sensor.o(.data)
    dT_ms                                    0x20000316   Data           1  lx_fc_ext_sensor.o(.data)
    of_alt_update_cnt                        0x20000317   Data           1  lx_fc_ext_sensor.o(.data)
    .data                                    0x20000318   Section        1  lx_fc_fun.o(.data)
    old_mode                                 0x20000318   Data           1  lx_fc_fun.o(.data)
    .data                                    0x2000031a   Section        6  lx_fc_state.o(.data)
    time_dly_cnt_ms                          0x2000031c   Data           2  lx_fc_state.o(.data)
    unlock_lock_flag                         0x2000031e   Data           1  lx_fc_state.o(.data)
    cali_f                                   0x2000031f   Data           1  lx_fc_state.o(.data)
    .data                                    0x20000320   Section       17  mid360.o(.data)
    mid360_boot_timer                        0x20000320   Data           4  mid360.o(.data)
    mid360_lost_timer                        0x20000324   Data           4  mid360.o(.data)
    mid360_overflow_cnt                      0x20000328   Data           1  mid360.o(.data)
    mid360_first_pose_received               0x20000329   Data           1  mid360.o(.data)
    mid360_status                            0x2000032a   Data           1  mid360.o(.data)
    _data_len                                0x2000032e   Data           1  mid360.o(.data)
    _data_cnt                                0x2000032f   Data           1  mid360.o(.data)
    rxstate                                  0x20000330   Data           1  mid360.o(.data)
    .data                                    0x20000334   Section       19  drv_bsp.o(.data)
    ch_sta                                   0x20000334   Data           1  drv_bsp.o(.data)
    sbus_time                                0x20000338   Data           8  drv_bsp.o(.data)
    cnt                                      0x20000340   Data           1  drv_bsp.o(.data)
    frame_cnt                                0x20000341   Data           1  drv_bsp.o(.data)
    cnt_tmp                                  0x20000342   Data           1  drv_bsp.o(.data)
    time_dly                                 0x20000344   Data           2  drv_bsp.o(.data)
    failsafe                                 0x20000346   Data           1  drv_bsp.o(.data)
    .data                                    0x20000347   Section        3  drv_anoof.o(.data)
    _data_len                                0x20000347   Data           1  drv_anoof.o(.data)
    _data_cnt                                0x20000348   Data           1  drv_anoof.o(.data)
    rxstate                                  0x20000349   Data           1  drv_anoof.o(.data)
    .data                                    0x2000034a   Section      182  drv_ubloxgps.o(.data)
    protocol_class                           0x200003f9   Data           1  drv_ubloxgps.o(.data)
    protocol_id                              0x200003fa   Data           1  drv_ubloxgps.o(.data)
    protocol_length_t                        0x200003fb   Data           1  drv_ubloxgps.o(.data)
    protocol_length                          0x200003fc   Data           2  drv_ubloxgps.o(.data)
    state                                    0x200003ff   Data           1  drv_ubloxgps.o(.data)
    .data                                    0x20000400   Section        5  user_data.o(.data)
    flag                                     0x20000401   Data           1  user_data.o(.data)
    data_len                                 0x20000402   Data           1  user_data.o(.data)
    flag                                     0x20000403   Data           1  user_data.o(.data)
    data_len                                 0x20000404   Data           1  user_data.o(.data)
    .data                                    0x20000408   Section      110  user_control.o(.data)
    mid360_boot_timer                        0x20000408   Data           4  user_control.o(.data)
    mid360_lost_timer                        0x2000040c   Data           4  user_control.o(.data)
    mid360_overflow_cnt                      0x20000410   Data           1  user_control.o(.data)
    mid360_first_pose_received               0x20000411   Data           1  user_control.o(.data)
    mid360_status                            0x20000412   Data           1  user_control.o(.data)
    err_old_x_cm                             0x2000043c   Data           4  user_control.o(.data)
    err_old_y_cm                             0x20000440   Data           4  user_control.o(.data)
    err_new_x_cm                             0x20000444   Data           4  user_control.o(.data)
    err_new_y_cm                             0x20000448   Data           4  user_control.o(.data)
    err_add_x_cm                             0x2000044c   Data           4  user_control.o(.data)
    err_add_y_cm                             0x20000450   Data           4  user_control.o(.data)
    sped_out_x_cm                            0x20000454   Data           2  user_control.o(.data)
    sped_out_y_cm                            0x20000456   Data           2  user_control.o(.data)
    err_old_z_cm                             0x20000458   Data           4  user_control.o(.data)
    err_new_z_cm                             0x2000045c   Data           4  user_control.o(.data)
    err_add_z_cm                             0x20000460   Data           4  user_control.o(.data)
    sped_out_z_cm                            0x20000464   Data           2  user_control.o(.data)
    LandTime                                 0x20000466   Data           2  user_control.o(.data)
    err_old_yaw_deg                          0x20000468   Data           4  user_control.o(.data)
    err_new_yaw_deg                          0x2000046c   Data           4  user_control.o(.data)
    err_add_yaw_deg                          0x20000470   Data           4  user_control.o(.data)
    sped_out_yaw_deg                         0x20000474   Data           2  user_control.o(.data)
    .data                                    0x20000478   Section        8  drv_sys.o(.data)
    SysRunTimeMs                             0x20000478   Data           8  drv_sys.o(.data)
    .data                                    0x20000480   Section        4  drv_adc.o(.data)
    .data                                    0x20000484   Section       12  drv_led.o(.data)
    led_cnt                                  0x20000488   Data           8  drv_led.o(.data)
    .data                                    0x20000490   Section       12  drv_rcin.o(.data)
    PeriodVal1                               0x20000490   Data           4  drv_rcin.o(.data)
    PeriodVal2                               0x20000494   Data           4  drv_rcin.o(.data)
    PulseHigh                                0x20000498   Data           4  drv_rcin.o(.data)
    .data                                    0x2000049c   Section       21  drv_uart.o(.data)
    mid360_boot_timer                        0x2000049c   Data           4  drv_uart.o(.data)
    mid360_lost_timer                        0x200004a0   Data           4  drv_uart.o(.data)
    mid360_overflow_cnt                      0x200004a4   Data           1  drv_uart.o(.data)
    mid360_first_pose_received               0x200004a5   Data           1  drv_uart.o(.data)
    mid360_status                            0x200004a6   Data           1  drv_uart.o(.data)
    .data                                    0x200004b4   Section        4  errno.o(.data)
    _errno                                   0x200004b4   Data           4  errno.o(.data)
    vtable                                   0x20000800   Section      620  interrupt.o(vtable)
    g_pfnRAMVectors                          0x20000800   Data         620  interrupt.o(vtable)
    .bss                                     0x20000a6c   Section     1872  ano_dt_lx.o(.bss)
    DT_RxBuffer                              0x200010bc   Data         256  ano_dt_lx.o(.bss)
    .bss                                     0x200011bc   Section       56  ano_lx.o(.bss)
    pwm                                      0x200011e4   Data          16  ano_lx.o(.bss)
    .bss                                     0x200011f4   Section       48  lx_fc_ext_sensor.o(.bss)
    .bss                                     0x20001224   Section       11  lx_fc_state.o(.bss)
    .bss                                     0x20001230   Section      184  mid360.o(.bss)
    data_temp1                               0x20001230   Data         100  mid360.o(.bss)
    mid360_send_buffer                       0x200012b6   Data          50  mid360.o(.bss)
    .bss                                     0x200012e8   Section      107  drv_bsp.o(.bss)
    datatmp                                  0x2000133a   Data          25  drv_bsp.o(.bss)
    .bss                                     0x20001354   Section      124  drv_anoof.o(.bss)
    _datatemp                                0x20001390   Data          50  drv_anoof.o(.bss)
    check_time_ms                            0x200013c4   Data          12  drv_anoof.o(.bss)
    .bss                                     0x200013d0   Section      100  drv_ubloxgps.o(.bss)
    .bss                                     0x20001434   Section      420  user_data.o(.bss)
    rec_buf                                  0x200014ac   Data         150  user_data.o(.bss)
    rec_buf                                  0x20001542   Data         150  user_data.o(.bss)
    .bss                                     0x200015d8   Section       70  user_send.o(.bss)
    _to_board                                0x200015ec   Data          30  user_send.o(.bss)
    User_send_buffer                         0x2000160a   Data          20  user_send.o(.bss)
    .bss                                     0x2000161e   Section     1280  drv_uart.o(.bss)
    STACK                                    0x20001b20   Section     2560  startup_tm4c123.o(STACK)

    Global Symbols

    Symbol Name                              Value     Ov Type        Size  Object(Section)

    BuildAttributes$$THM_ISAv4$E$P$D$K$B$S$7EM$VFPi3$EXTD16$VFPS$VFMA$PE$A:L22UL41UL21$X:L11$S22US41US21$IEEE1$IW$USESV6$~STKCKD$USESV7$~SHL$OTIME$ROPI$IEEEJ$EBA8$MICROLIB$REQ8$PRES8$EABIv2 0x00000000   Number         0  anon$$obj.o ABSOLUTE
    __ARM_use_no_argv                        0x00000000   Number         0  main.o ABSOLUTE
    __Vectors                                0x00000000   Data           4  startup_tm4c123.o(RESET)
    __arm_fini_                               - Undefined Weak Reference
    __cpp_initialize__aeabi_                  - Undefined Weak Reference
    __cxa_finalize                            - Undefined Weak Reference
    _clock_init                               - Undefined Weak Reference
    _microlib_exit                            - Undefined Weak Reference
    __Vectors_End                            0x0000026c   Data           0  startup_tm4c123.o(RESET)
    __Vectors_Size                           0x0000026c   Number         0  startup_tm4c123.o ABSOLUTE
    __main                                   0x0000026d   Thumb Code     0  entry.o(.ARM.Collect$$$$00000000)
    _main_stk                                0x0000026d   Thumb Code     0  entry2.o(.ARM.Collect$$$$00000001)
    _main_scatterload                        0x00000271   Thumb Code     0  entry5.o(.ARM.Collect$$$$00000004)
    __main_after_scatterload                 0x00000275   Thumb Code     0  entry5.o(.ARM.Collect$$$$00000004)
    _main_clock                              0x00000275   Thumb Code     0  entry7b.o(.ARM.Collect$$$$00000008)
    _main_cpp_init                           0x00000275   Thumb Code     0  entry8b.o(.ARM.Collect$$$$0000000A)
    _main_init                               0x00000275   Thumb Code     0  entry9a.o(.ARM.Collect$$$$0000000B)
    __rt_lib_shutdown_fini                   0x0000027d   Thumb Code     0  entry12b.o(.ARM.Collect$$$$0000000E)
    __rt_final_cpp                           0x00000281   Thumb Code     0  entry10a.o(.ARM.Collect$$$$0000000F)
    __rt_final_exit                          0x00000281   Thumb Code     0  entry11a.o(.ARM.Collect$$$$00000011)
    Reset_Handler                            0x00000285   Thumb Code     8  startup_tm4c123.o(.text)
    NMI_Handler                              0x0000028d   Thumb Code     2  startup_tm4c123.o(.text)
    HardFault_Handler                        0x0000028f   Thumb Code     2  startup_tm4c123.o(.text)
    MemManage_Handler                        0x00000291   Thumb Code     2  startup_tm4c123.o(.text)
    BusFault_Handler                         0x00000293   Thumb Code     2  startup_tm4c123.o(.text)
    UsageFault_Handler                       0x00000295   Thumb Code     2  startup_tm4c123.o(.text)
    SVC_Handler                              0x00000297   Thumb Code     2  startup_tm4c123.o(.text)
    DebugMon_Handler                         0x00000299   Thumb Code     2  startup_tm4c123.o(.text)
    PendSV_Handler                           0x0000029b   Thumb Code     2  startup_tm4c123.o(.text)
    GPIOA_Handler                            0x0000029f   Thumb Code     2  startup_tm4c123.o(.text)
    GPIOB_Handler                            0x000002a1   Thumb Code     2  startup_tm4c123.o(.text)
    GPIOC_Handler                            0x000002a3   Thumb Code     2  startup_tm4c123.o(.text)
    GPIOD_Handler                            0x000002a5   Thumb Code     2  startup_tm4c123.o(.text)
    GPIOE_Handler                            0x000002a7   Thumb Code     2  startup_tm4c123.o(.text)
    UART0_Handler                            0x000002a9   Thumb Code     2  startup_tm4c123.o(.text)
    UART1_Handler                            0x000002ab   Thumb Code     2  startup_tm4c123.o(.text)
    SSI0_Handler                             0x000002ad   Thumb Code     2  startup_tm4c123.o(.text)
    I2C0_Handler                             0x000002af   Thumb Code     2  startup_tm4c123.o(.text)
    PMW0_FAULT_Handler                       0x000002b1   Thumb Code     2  startup_tm4c123.o(.text)
    PWM0_0_Handler                           0x000002b3   Thumb Code     2  startup_tm4c123.o(.text)
    PWM0_1_Handler                           0x000002b5   Thumb Code     2  startup_tm4c123.o(.text)
    PWM0_2_Handler                           0x000002b7   Thumb Code     2  startup_tm4c123.o(.text)
    QEI0_Handler                             0x000002b9   Thumb Code     2  startup_tm4c123.o(.text)
    ADC0SS0_Handler                          0x000002bb   Thumb Code     2  startup_tm4c123.o(.text)
    ADC0SS1_Handler                          0x000002bd   Thumb Code     2  startup_tm4c123.o(.text)
    ADC0SS2_Handler                          0x000002bf   Thumb Code     2  startup_tm4c123.o(.text)
    ADC0SS3_Handler                          0x000002c1   Thumb Code     2  startup_tm4c123.o(.text)
    WDT0_Handler                             0x000002c3   Thumb Code     2  startup_tm4c123.o(.text)
    TIMER0A_Handler                          0x000002c5   Thumb Code     2  startup_tm4c123.o(.text)
    TIMER0B_Handler                          0x000002c7   Thumb Code     2  startup_tm4c123.o(.text)
    TIMER1A_Handler                          0x000002c9   Thumb Code     2  startup_tm4c123.o(.text)
    TIMER1B_Handler                          0x000002cb   Thumb Code     2  startup_tm4c123.o(.text)
    TIMER2A_Handler                          0x000002cd   Thumb Code     2  startup_tm4c123.o(.text)
    TIMER2B_Handler                          0x000002cf   Thumb Code     2  startup_tm4c123.o(.text)
    COMP0_Handler                            0x000002d1   Thumb Code     2  startup_tm4c123.o(.text)
    COMP1_Handler                            0x000002d3   Thumb Code     2  startup_tm4c123.o(.text)
    COMP2_Handler                            0x000002d5   Thumb Code     2  startup_tm4c123.o(.text)
    SYSCTL_Handler                           0x000002d7   Thumb Code     2  startup_tm4c123.o(.text)
    FLASH_Handler                            0x000002d9   Thumb Code     2  startup_tm4c123.o(.text)
    GPIOF_Handler                            0x000002db   Thumb Code     2  startup_tm4c123.o(.text)
    GPIOG_Handler                            0x000002dd   Thumb Code     2  startup_tm4c123.o(.text)
    GPIOH_Handler                            0x000002df   Thumb Code     2  startup_tm4c123.o(.text)
    UART2_Handler                            0x000002e1   Thumb Code     2  startup_tm4c123.o(.text)
    SSI1_Handler                             0x000002e3   Thumb Code     2  startup_tm4c123.o(.text)
    TIMER3A_Handler                          0x000002e5   Thumb Code     2  startup_tm4c123.o(.text)
    TIMER3B_Handler                          0x000002e7   Thumb Code     2  startup_tm4c123.o(.text)
    I2C1_Handler                             0x000002e9   Thumb Code     2  startup_tm4c123.o(.text)
    QEI1_Handler                             0x000002eb   Thumb Code     2  startup_tm4c123.o(.text)
    CAN0_Handler                             0x000002ed   Thumb Code     2  startup_tm4c123.o(.text)
    CAN1_Handler                             0x000002ef   Thumb Code     2  startup_tm4c123.o(.text)
    CAN2_Handler                             0x000002f1   Thumb Code     2  startup_tm4c123.o(.text)
    HIB_Handler                              0x000002f3   Thumb Code     2  startup_tm4c123.o(.text)
    USB0_Handler                             0x000002f5   Thumb Code     2  startup_tm4c123.o(.text)
    PWM0_3_Handler                           0x000002f7   Thumb Code     2  startup_tm4c123.o(.text)
    UDMA_Handler                             0x000002f9   Thumb Code     2  startup_tm4c123.o(.text)
    UDMAERR_Handler                          0x000002fb   Thumb Code     2  startup_tm4c123.o(.text)
    ADC1SS0_Handler                          0x000002fd   Thumb Code     2  startup_tm4c123.o(.text)
    ADC1SS1_Handler                          0x000002ff   Thumb Code     2  startup_tm4c123.o(.text)
    ADC1SS2_Handler                          0x00000301   Thumb Code     2  startup_tm4c123.o(.text)
    ADC1SS3_Handler                          0x00000303   Thumb Code     2  startup_tm4c123.o(.text)
    GPIOJ_Handler                            0x00000305   Thumb Code     2  startup_tm4c123.o(.text)
    GPIOK_Handler                            0x00000307   Thumb Code     2  startup_tm4c123.o(.text)
    GPIOL_Handler                            0x00000309   Thumb Code     2  startup_tm4c123.o(.text)
    SSI2_Handler                             0x0000030b   Thumb Code     2  startup_tm4c123.o(.text)
    SSI3_Handler                             0x0000030d   Thumb Code     2  startup_tm4c123.o(.text)
    UART3_Handler                            0x0000030f   Thumb Code     2  startup_tm4c123.o(.text)
    UART4_Handler                            0x00000311   Thumb Code     2  startup_tm4c123.o(.text)
    UART5_Handler                            0x00000313   Thumb Code     2  startup_tm4c123.o(.text)
    UART6_Handler                            0x00000315   Thumb Code     2  startup_tm4c123.o(.text)
    UART7_Handler                            0x00000317   Thumb Code     2  startup_tm4c123.o(.text)
    I2C2_Handler                             0x00000319   Thumb Code     2  startup_tm4c123.o(.text)
    I2C3_Handler                             0x0000031b   Thumb Code     2  startup_tm4c123.o(.text)
    TIMER4A_Handler                          0x0000031d   Thumb Code     2  startup_tm4c123.o(.text)
    TIMER4B_Handler                          0x0000031f   Thumb Code     2  startup_tm4c123.o(.text)
    TIMER5A_Handler                          0x00000321   Thumb Code     2  startup_tm4c123.o(.text)
    TIMER5B_Handler                          0x00000323   Thumb Code     2  startup_tm4c123.o(.text)
    WTIMER0A_Handler                         0x00000325   Thumb Code     2  startup_tm4c123.o(.text)
    WTIMER0B_Handler                         0x00000327   Thumb Code     2  startup_tm4c123.o(.text)
    WTIMER1A_Handler                         0x00000329   Thumb Code     2  startup_tm4c123.o(.text)
    WTIMER1B_Handler                         0x0000032b   Thumb Code     2  startup_tm4c123.o(.text)
    WTIMER2A_Handler                         0x0000032d   Thumb Code     2  startup_tm4c123.o(.text)
    WTIMER2B_Handler                         0x0000032f   Thumb Code     2  startup_tm4c123.o(.text)
    WTIMER3A_Handler                         0x00000331   Thumb Code     2  startup_tm4c123.o(.text)
    WTIMER3B_Handler                         0x00000333   Thumb Code     2  startup_tm4c123.o(.text)
    WTIMER4A_Handler                         0x00000335   Thumb Code     2  startup_tm4c123.o(.text)
    WTIMER4B_Handler                         0x00000337   Thumb Code     2  startup_tm4c123.o(.text)
    WTIMER5A_Handler                         0x00000339   Thumb Code     2  startup_tm4c123.o(.text)
    WTIMER5B_Handler                         0x0000033b   Thumb Code     2  startup_tm4c123.o(.text)
    FPU_Handler                              0x0000033d   Thumb Code     2  startup_tm4c123.o(.text)
    I2C4_Handler                             0x0000033f   Thumb Code     2  startup_tm4c123.o(.text)
    I2C5_Handler                             0x00000341   Thumb Code     2  startup_tm4c123.o(.text)
    GPIOM_Handler                            0x00000343   Thumb Code     2  startup_tm4c123.o(.text)
    GPION_Handler                            0x00000345   Thumb Code     2  startup_tm4c123.o(.text)
    QEI2_Handler                             0x00000347   Thumb Code     2  startup_tm4c123.o(.text)
    GPIOP0_Handler                           0x00000349   Thumb Code     2  startup_tm4c123.o(.text)
    GPIOP1_Handler                           0x0000034b   Thumb Code     2  startup_tm4c123.o(.text)
    GPIOP2_Handler                           0x0000034d   Thumb Code     2  startup_tm4c123.o(.text)
    GPIOP3_Handler                           0x0000034f   Thumb Code     2  startup_tm4c123.o(.text)
    GPIOP4_Handler                           0x00000351   Thumb Code     2  startup_tm4c123.o(.text)
    GPIOP5_Handler                           0x00000353   Thumb Code     2  startup_tm4c123.o(.text)
    GPIOP6_Handler                           0x00000355   Thumb Code     2  startup_tm4c123.o(.text)
    GPIOP7_Handler                           0x00000357   Thumb Code     2  startup_tm4c123.o(.text)
    GPIOQ0_Handler                           0x00000359   Thumb Code     2  startup_tm4c123.o(.text)
    GPIOQ1_Handler                           0x0000035b   Thumb Code     2  startup_tm4c123.o(.text)
    GPIOQ2_Handler                           0x0000035d   Thumb Code     2  startup_tm4c123.o(.text)
    GPIOQ3_Handler                           0x0000035f   Thumb Code     2  startup_tm4c123.o(.text)
    GPIOQ4_Handler                           0x00000361   Thumb Code     2  startup_tm4c123.o(.text)
    GPIOQ5_Handler                           0x00000363   Thumb Code     2  startup_tm4c123.o(.text)
    GPIOQ6_Handler                           0x00000365   Thumb Code     2  startup_tm4c123.o(.text)
    GPIOQ7_Handler                           0x00000367   Thumb Code     2  startup_tm4c123.o(.text)
    GPIOR_Handler                            0x00000369   Thumb Code     2  startup_tm4c123.o(.text)
    GPIOS_Handler                            0x0000036b   Thumb Code     2  startup_tm4c123.o(.text)
    PMW1_0_Handler                           0x0000036d   Thumb Code     2  startup_tm4c123.o(.text)
    PWM1_1_Handler                           0x0000036f   Thumb Code     2  startup_tm4c123.o(.text)
    PWM1_2_Handler                           0x00000371   Thumb Code     2  startup_tm4c123.o(.text)
    PWM1_3_Handler                           0x00000373   Thumb Code     2  startup_tm4c123.o(.text)
    PWM1_FAULT_Handler                       0x00000375   Thumb Code     2  startup_tm4c123.o(.text)
    __aeabi_dmul                             0x00000381   Thumb Code   228  dmul.o(.text)
    __aeabi_ddiv                             0x00000465   Thumb Code   222  ddiv.o(.text)
    __aeabi_ui2d                             0x00000543   Thumb Code    26  dfltui.o(.text)
    __aeabi_f2d                              0x0000055d   Thumb Code    38  f2d.o(.text)
    __aeabi_d2f                              0x00000583   Thumb Code    56  d2f.o(.text)
    __aeabi_llsl                             0x000005bb   Thumb Code    30  llshl.o(.text)
    _ll_shift_l                              0x000005bb   Thumb Code     0  llshl.o(.text)
    __I$use$fp                               0x000005d9   Thumb Code     0  iusefp.o(.text)
    _float_round                             0x000005d9   Thumb Code    18  fepilogue.o(.text)
    _float_epilogue                          0x000005eb   Thumb Code    92  fepilogue.o(.text)
    _double_round                            0x00000647   Thumb Code    30  depilogue.o(.text)
    _double_epilogue                         0x00000665   Thumb Code   156  depilogue.o(.text)
    _dsqrt                                   0x00000701   Thumb Code   162  dsqrt.o(.text)
    __scatterload                            0x000007a5   Thumb Code    28  init.o(.text)
    __scatterload_rt2                        0x000007a5   Thumb Code     0  init.o(.text)
    __aeabi_llsr                             0x000007c9   Thumb Code    32  llushr.o(.text)
    _ll_ushift_r                             0x000007c9   Thumb Code     0  llushr.o(.text)
    __decompress                             0x000007e9   Thumb Code     0  __dczerorl2.o(.text)
    __decompress1                            0x000007e9   Thumb Code    86  __dczerorl2.o(.text)
    ADCIntRegister                           0x0000086d   Thumb Code    92  adc.o(i.ADCIntRegister)
    ANO_DT_Init                              0x000008d5   Thumb Code   210  ano_dt_lx.o(i.ANO_DT_Init)
    ANO_DT_LX_Data_Receive_Prepare           0x00000b9d   Thumb Code   258  ano_dt_lx.o(i.ANO_DT_LX_Data_Receive_Prepare)
    ANO_LX_Data_Exchange_Task                0x00000cc5   Thumb Code    80  ano_dt_lx.o(i.ANO_LX_Data_Exchange_Task)
    ANO_LX_Task                              0x00000d15   Thumb Code   186  ano_lx.o(i.ANO_LX_Task)
    AllInit                                  0x00001099   Thumb Code    58  user_control.o(i.AllInit)
    All_Init                                 0x00001109   Thumb Code    98  drv_bsp.o(i.All_Init)
    Ang_Ctrl                                 0x00001171   Thumb Code   346  user_control.o(i.Ang_Ctrl)
    AnoOF_Check_State                        0x000012f9   Thumb Code   180  drv_anoof.o(i.AnoOF_Check_State)
    AnoOF_GetOneByte                         0x00001535   Thumb Code   252  drv_anoof.o(i.AnoOF_GetOneByte)
    CK_Back                                  0x00001665   Thumb Code    12  ano_dt_lx.o(i.CK_Back)
    CMD_Send                                 0x000016dd   Thumb Code    22  ano_dt_lx.o(i.CMD_Send)
    DrvAdcInit                               0x00001789   Thumb Code   164  drv_adc.o(i.DrvAdcInit)
    DrvLedOnOff                              0x00001841   Thumb Code   170  drv_led.o(i.DrvLedOnOff)
    DrvMotorPWMSet                           0x000018f5   Thumb Code   222  drv_pwmout.o(i.DrvMotorPWMSet)
    DrvPpmGetOneCh                           0x000019e1   Thumb Code    92  drv_bsp.o(i.DrvPpmGetOneCh)
    DrvPwmOutInit                            0x00001a45   Thumb Code   666  drv_pwmout.o(i.DrvPwmOutInit)
    DrvRcInputInit                           0x00001d1d   Thumb Code    20  drv_bsp.o(i.DrvRcInputInit)
    DrvRcInputTask                           0x00001d35   Thumb Code   232  drv_bsp.o(i.DrvRcInputTask)
    DrvRcPpmInit                             0x00001e2d   Thumb Code   182  drv_rcin.o(i.DrvRcPpmInit)
    DrvRcSbusInit                            0x00001f01   Thumb Code   156  drv_rcin.o(i.DrvRcSbusInit)
    DrvSbusGetOneByte                        0x00001fb9   Thumb Code   560  drv_bsp.o(i.DrvSbusGetOneByte)
    DrvSysInit                               0x00002201   Thumb Code    68  drv_sys.o(i.DrvSysInit)
    DrvTimerFcInit                           0x00002251   Thumb Code   110  drv_timer.o(i.DrvTimerFcInit)
    DrvUart1Init                             0x000022cd   Thumb Code   192  drv_uart.o(i.DrvUart1Init)
    DrvUart1SendBuf                          0x0000239d   Thumb Code    42  drv_uart.o(i.DrvUart1SendBuf)
    DrvUart1TxCheck                          0x000023d1   Thumb Code    52  drv_uart.o(i.DrvUart1TxCheck)
    DrvUart2Init                             0x00002415   Thumb Code   188  drv_uart.o(i.DrvUart2Init)
    DrvUart2TxCheck                          0x000024ed   Thumb Code    52  drv_uart.o(i.DrvUart2TxCheck)
    DrvUart3Init                             0x00002531   Thumb Code   188  drv_uart.o(i.DrvUart3Init)
    DrvUart3SendBuf                          0x00002609   Thumb Code    42  drv_uart.o(i.DrvUart3SendBuf)
    DrvUart3TxCheck                          0x0000263d   Thumb Code    52  drv_uart.o(i.DrvUart3TxCheck)
    DrvUart4Init                             0x00002681   Thumb Code   188  drv_uart.o(i.DrvUart4Init)
    DrvUart4TxCheck                          0x00002759   Thumb Code    52  drv_uart.o(i.DrvUart4TxCheck)
    DrvUart5Init                             0x0000279d   Thumb Code   206  drv_uart.o(i.DrvUart5Init)
    DrvUart5SendBuf                          0x00002891   Thumb Code    42  drv_uart.o(i.DrvUart5SendBuf)
    DrvUart5TxCheck                          0x000028c5   Thumb Code    52  drv_uart.o(i.DrvUart5TxCheck)
    DrvUartDataCheck                         0x00002909   Thumb Code    24  drv_uart.o(i.DrvUartDataCheck)
    Drv_AdcGetBatVot                         0x00002921   Thumb Code    84  drv_adc.o(i.Drv_AdcGetBatVot)
    DvrLedInit                               0x00002991   Thumb Code   120  drv_led.o(i.DvrLedInit)
    FC_Ctrl                                  0x00002b91   Thumb Code    14  user_control.o(i.FC_Ctrl)
    FC_DateUpdate                            0x00002ba5   Thumb Code    64  user_send.o(i.FC_DateUpdate)
    FC_Lock                                  0x00002bf9   Thumb Code    56  lx_fc_fun.o(i.FC_Lock)
    FC_Unlock                                0x00002c39   Thumb Code    56  lx_fc_fun.o(i.FC_Unlock)
    GPS_Data_Prepare_Task                    0x00002d41   Thumb Code   306  drv_ubloxgps.o(i.GPS_Data_Prepare_Task)
    GPS_Rate_H                               0x00002e8d   Thumb Code    12  drv_ubloxgps.o(i.GPS_Rate_H)
    GetSysRunTimeMs                          0x00002f4d   Thumb Code     6  drv_sys.o(i.GetSysRunTimeMs)
    GetSysRunTimeUs                          0x00002f59   Thumb Code    46  drv_sys.o(i.GetSysRunTimeUs)
    Horizontal_Calibrate                     0x00002f8d   Thumb Code    50  lx_fc_fun.o(i.Horizontal_Calibrate)
    Init_GPS                                 0x00002fc5   Thumb Code   196  drv_ubloxgps.o(i.Init_GPS)
    IntEnable                                0x000030a5   Thumb Code    92  interrupt.o(i.IntEnable)
    IntRegister                              0x00003109   Thumb Code    44  interrupt.o(i.IntRegister)
    Inverse_Rotation_Matrix                  0x0000313d   Thumb Code   202  user_data.o(i.Inverse_Rotation_Matrix)
    LED_1ms_DRV                              0x00003209   Thumb Code    78  drv_led.o(i.LED_1ms_DRV)
    LX_Cali_Trig_Check                       0x00003261   Thumb Code   150  lx_fc_state.o(i.LX_Cali_Trig_Check)
    LX_Change_Mode                           0x00003305   Thumb Code    80  lx_fc_fun.o(i.LX_Change_Mode)
    LX_FC_EXT_Sensor_Task                    0x00003361   Thumb Code    78  lx_fc_ext_sensor.o(i.LX_FC_EXT_Sensor_Task)
    LX_FC_State_Task                         0x000033c1   Thumb Code    26  lx_fc_state.o(i.LX_FC_State_Task)
    Loc_Ctrl                                 0x000035b1   Thumb Code   488  user_control.o(i.Loc_Ctrl)
    Mag_Calibrate                            0x00003961   Thumb Code    50  lx_fc_fun.o(i.Mag_Calibrate)
    Mid360_Check_Reset                       0x00003999   Thumb Code    18  mid360.o(i.Mid360_Check_Reset)
    Mid360_UpdateCheck                       0x00003b35   Thumb Code    44  mid360.o(i.Mid360_UpdateCheck)
    Mid360send_Data                          0x00003b6d   Thumb Code   376  mid360.o(i.Mid360send_Data)
    MyDelayMs                                0x00003cf1   Thumb Code    30  drv_sys.o(i.MyDelayMs)
    NormalizeQuaternion                      0x00003d15   Thumb Code   138  user_data.o(i.NormalizeQuaternion)
    OneKey_Return_Home                       0x00003da1   Thumb Code    50  lx_fc_fun.o(i.OneKey_Return_Home)
    OneKey_Takeoff                           0x00003dd9   Thumb Code    66  lx_fc_fun.o(i.OneKey_Takeoff)
    PAR_Back                                 0x00003e21   Thumb Code    14  ano_dt_lx.o(i.PAR_Back)
    Scheduler_Run                            0x000041d5   Thumb Code    76  ano_scheduler.o(i.Scheduler_Run)
    Scheduler_Setup                          0x00004225   Thumb Code    76  ano_scheduler.o(i.Scheduler_Setup)
    Send_To_Analyze                          0x00004275   Thumb Code   150  user_send.o(i.Send_To_Analyze)
    Send_To_Board                            0x00004319   Thumb Code    96  user_send.o(i.Send_To_Board)
    SysCtlClockGet                           0x00004381   Thumb Code   304  sysctl.o(i.SysCtlClockGet)
    SysTick_Handler                          0x000044d5   Thumb Code    20  drv_sys.o(i.SysTick_Handler)
    SysTick_Init                             0x000044ed   Thumb Code    54  drv_sys.o(i.SysTick_Init)
    SystemInit                               0x00004525   Thumb Code   112  system_tm4c123.o(i.SystemInit)
    Timer0Irq                                0x000045bd   Thumb Code    16  drv_timer.o(i.Timer0Irq)
    TimerIntClear                            0x000045d1   Thumb Code     4  timer.o(i.TimerIntClear)
    TimerIntRegister                         0x000045d5   Thumb Code    88  timer.o(i.TimerIntRegister)
    UART1_IRQHandler                         0x0000463d   Thumb Code    82  drv_uart.o(i.UART1_IRQHandler)
    UART2_IRQHandler                         0x00004695   Thumb Code    82  drv_uart.o(i.UART2_IRQHandler)
    UART3_IRQHandler                         0x000046ed   Thumb Code    82  drv_uart.o(i.UART3_IRQHandler)
    UART4_IRQHandler                         0x00004745   Thumb Code    82  drv_uart.o(i.UART4_IRQHandler)
    UART5_IRQHandler                         0x0000479d   Thumb Code    82  drv_uart.o(i.UART5_IRQHandler)
    UARTIntRegister                          0x000047f5   Thumb Code    70  uart.o(i.UARTIntRegister)
    UBLOX_M8_GPS_Data_Receive                0x0000484d   Thumb Code   328  drv_ubloxgps.o(i.UBLOX_M8_GPS_Data_Receive)
    UWB_ReceiveOneByte                       0x000049b1   Thumb Code   702  user_data.o(i.UWB_ReceiveOneByte)
    User_Height                              0x00004c8d   Thumb Code   700  user_task.o(i.User_Height)
    __hardfp_sqrt                            0x00004fa5   Thumb Code   122  sqrt.o(i.__hardfp_sqrt)
    __scatterload_copy                       0x0000501f   Thumb Code    14  handlers.o(i.__scatterload_copy)
    __scatterload_null                       0x0000502d   Thumb Code     2  handlers.o(i.__scatterload_null)
    __scatterload_zeroinit                   0x0000502f   Thumb Code    14  handlers.o(i.__scatterload_zeroinit)
    __set_errno                              0x0000503d   Thumb Code     6  errno.o(i.__set_errno)
    drvAdcTrigger                            0x00005049   Thumb Code    18  drv_adc.o(i.drvAdcTrigger)
    height_control                           0x00005061   Thumb Code   350  user_control.o(i.height_control)
    main                                     0x000051ed   Thumb Code    16  main.o(i.main)
    mid360_GetOneByte                        0x000051fd   Thumb Code   206  mid360.o(i.mid360_GetOneByte)
    my_deadzone                              0x000052dd   Thumb Code    54  ano_math.o(i.my_deadzone)
    Region$$Table$$Base                      0x0000584c   Number         0  anon$$obj.o(Region$$Table)
    Region$$Table$$Limit                     0x0000586c   Number         0  anon$$obj.o(Region$$Table)
    ch_7_aux3_FLAG                           0x2000006b   Data           1  user_task.o(.data)
    Exp_Point                                0x200000c4   Data         500  user_task.o(.data)
    fc_bat                                   0x200002e7   Data           4  ano_lx.o(.data)
    fc_att                                   0x200002eb   Data           7  ano_lx.o(.data)
    fc_vel                                   0x200002f2   Data           6  ano_lx.o(.data)
    sti_fun                                  0x2000031a   Data           2  lx_fc_state.o(.data)
    offline_check_time                       0x2000032c   Data           2  mid360.o(.data)
    pvt_receive_updata                       0x2000034a   Data           1  drv_ubloxgps.o(.data)
    fre_test_cnt                             0x2000034c   Data           2  drv_ubloxgps.o(.data)
    Period_Out_H                             0x2000034e   Data          14  drv_ubloxgps.o(.data)
    Period_Out_L                             0x2000035c   Data          14  drv_ubloxgps.o(.data)
    Pulse_Period                             0x2000036a   Data          28  drv_ubloxgps.o(.data)
    Baud115200                               0x20000386   Data          28  drv_ubloxgps.o(.data)
    Save_Con                                 0x200003a2   Data          21  drv_ubloxgps.o(.data)
    POLLSH_SET                               0x200003b7   Data          11  drv_ubloxgps.o(.data)
    SOL_SET                                  0x200003c2   Data          11  drv_ubloxgps.o(.data)
    VELNED_SET                               0x200003cd   Data          11  drv_ubloxgps.o(.data)
    TIMEUTC_SET                              0x200003d8   Data          11  drv_ubloxgps.o(.data)
    DOP_SET                                  0x200003e3   Data          11  drv_ubloxgps.o(.data)
    PVT_SET                                  0x200003ee   Data          11  drv_ubloxgps.o(.data)
    pvt_recerve_ok_cnt                       0x200003fe   Data           1  drv_ubloxgps.o(.data)
    IS_rec                                   0x20000400   Data           1  user_data.o(.data)
    OutValue                                 0x20000414   Data           8  user_control.o(.data)
    AltCtrlEnable                            0x2000041c   Data           1  user_control.o(.data)
    LocCtrlEnable                            0x2000041d   Data           1  user_control.o(.data)
    AngCtrlEnable                            0x2000041e   Data           1  user_control.o(.data)
    Exp_Loc_Xcm                              0x20000420   Data           2  user_control.o(.data)
    Exp_Loc_Ycm                              0x20000422   Data           2  user_control.o(.data)
    Exp_Alt_Zcm                              0x20000424   Data           2  user_control.o(.data)
    Exp_Ang_Deg                              0x20000426   Data           2  user_control.o(.data)
    User_LocCtrlOutXcm                       0x20000428   Data           2  user_control.o(.data)
    User_LocCtrlOutYcm                       0x2000042a   Data           2  user_control.o(.data)
    User_AltCtrlOutZcm                       0x2000042c   Data           2  user_control.o(.data)
    User_AngCtrlOutDeg                       0x2000042e   Data           2  user_control.o(.data)
    OutXcm                                   0x20000430   Data           2  user_control.o(.data)
    OutYcm                                   0x20000432   Data           2  user_control.o(.data)
    OutZcm                                   0x20000434   Data           2  user_control.o(.data)
    OutDeg                                   0x20000436   Data           2  user_control.o(.data)
    ProgramAutoLand                          0x20000438   Data           1  user_control.o(.data)
    AdcTemp                                  0x20000480   Data           4  drv_adc.o(.data)
    led                                      0x20000484   Data           4  drv_led.o(.data)
    U1TxInCnt                                0x200004a7   Data           1  drv_uart.o(.data)
    U1TxOutCnt                               0x200004a8   Data           1  drv_uart.o(.data)
    U2TxInCnt                                0x200004a9   Data           1  drv_uart.o(.data)
    U2TxOutCnt                               0x200004aa   Data           1  drv_uart.o(.data)
    U3TxInCnt                                0x200004ab   Data           1  drv_uart.o(.data)
    U3TxOutCnt                               0x200004ac   Data           1  drv_uart.o(.data)
    U4TxInCnt                                0x200004ad   Data           1  drv_uart.o(.data)
    U4TxOutCnt                               0x200004ae   Data           1  drv_uart.o(.data)
    U5TxInCnt                                0x200004af   Data           1  drv_uart.o(.data)
    U5TxOutCnt                               0x200004b0   Data           1  drv_uart.o(.data)
    send_buffer                              0x20000a6c   Data          50  ano_dt_lx.o(.bss)
    dt                                       0x20000aa0   Data        1564  ano_dt_lx.o(.bss)
    rt_tar                                   0x200011bc   Data          14  ano_lx.o(.bss)
    pwm_to_esc                               0x200011ca   Data          16  ano_lx.o(.bss)
    fc_att_qua                               0x200011da   Data           9  ano_lx.o(.bss)
    ext_sens                                 0x200011f4   Data          48  lx_fc_ext_sensor.o(.bss)
    fc_sta                                   0x20001224   Data          11  lx_fc_state.o(.bss)
    mid360_DATA                              0x20001294   Data          34  mid360.o(.bss)
    rc_in                                    0x200012e8   Data          82  drv_bsp.o(.bss)
    ano_of                                   0x20001354   Data          60  drv_anoof.o(.bss)
    ubx                                      0x200013d0   Data         100  drv_ubloxgps.o(.bss)
    UWB_DATA                                 0x20001434   Data          44  user_data.o(.bss)
    pos_base                                 0x20001460   Data          12  user_data.o(.bss)
    vel_base                                 0x2000146c   Data          12  user_data.o(.bss)
    qx_base                                  0x20001478   Data          16  user_data.o(.bss)
    tag_data                                 0x20001488   Data          36  user_data.o(.bss)
    LX_FC                                    0x200015d8   Data          20  user_send.o(.bss)
    U1TxDataTemp                             0x2000161e   Data         256  drv_uart.o(.bss)
    U2TxDataTemp                             0x2000171e   Data         256  drv_uart.o(.bss)
    U3TxDataTemp                             0x2000181e   Data         256  drv_uart.o(.bss)
    U4TxDataTemp                             0x2000191e   Data         256  drv_uart.o(.bss)
    U5TxDataTemp                             0x20001a1e   Data         256  drv_uart.o(.bss)
    __initial_sp                             0x20002520   Data           0  startup_tm4c123.o(STACK)



==============================================================================

Memory Map of the image

  Image Entry point : 0x00000285

  Load Region LR_1 (Base: 0x00000000, Size: 0x000062d8, Max: 0xffffffff, ABSOLUTE, COMPRESSED[0x00005960])

    Execution Region ER_RO (Exec base: 0x00000000, Load base: 0x00000000, Size: 0x0000586c, Max: 0xffffffff, ABSOLUTE)

    Exec Addr    Load Addr    Size         Type   Attr      Idx    E Section Name        Object

    0x00000000   0x00000000   0x0000026c   Data   RO         1601    RESET               startup_tm4c123.o
    0x0000026c   0x0000026c   0x00000000   Code   RO         5158  * .ARM.Collect$$$$00000000  mc_w.l(entry.o)
    0x0000026c   0x0000026c   0x00000004   Code   RO         5179    .ARM.Collect$$$$00000001  mc_w.l(entry2.o)
    0x00000270   0x00000270   0x00000004   Code   RO         5182    .ARM.Collect$$$$00000004  mc_w.l(entry5.o)
    0x00000274   0x00000274   0x00000000   Code   RO         5184    .ARM.Collect$$$$00000008  mc_w.l(entry7b.o)
    0x00000274   0x00000274   0x00000000   Code   RO         5186    .ARM.Collect$$$$0000000A  mc_w.l(entry8b.o)
    0x00000274   0x00000274   0x00000008   Code   RO         5187    .ARM.Collect$$$$0000000B  mc_w.l(entry9a.o)
    0x0000027c   0x0000027c   0x00000004   Code   RO         5194    .ARM.Collect$$$$0000000E  mc_w.l(entry12b.o)
    0x00000280   0x00000280   0x00000000   Code   RO         5189    .ARM.Collect$$$$0000000F  mc_w.l(entry10a.o)
    0x00000280   0x00000280   0x00000000   Code   RO         5191    .ARM.Collect$$$$00000011  mc_w.l(entry11a.o)
    0x00000280   0x00000280   0x00000004   Code   RO         5180    .ARM.Collect$$$$00002712  mc_w.l(entry2.o)
    0x00000284   0x00000284   0x000000fc   Code   RO         1602  * .text               startup_tm4c123.o
    0x00000380   0x00000380   0x000000e4   Code   RO         5163    .text               mf_w.l(dmul.o)
    0x00000464   0x00000464   0x000000de   Code   RO         5165    .text               mf_w.l(ddiv.o)
    0x00000542   0x00000542   0x0000001a   Code   RO         5169    .text               mf_w.l(dfltui.o)
    0x0000055c   0x0000055c   0x00000026   Code   RO         5171    .text               mf_w.l(f2d.o)
    0x00000582   0x00000582   0x00000038   Code   RO         5177    .text               mf_w.l(d2f.o)
    0x000005ba   0x000005ba   0x0000001e   Code   RO         5195    .text               mc_w.l(llshl.o)
    0x000005d8   0x000005d8   0x00000000   Code   RO         5206    .text               mc_w.l(iusefp.o)
    0x000005d8   0x000005d8   0x0000006e   Code   RO         5207    .text               mf_w.l(fepilogue.o)
    0x00000646   0x00000646   0x000000ba   Code   RO         5209    .text               mf_w.l(depilogue.o)
    0x00000700   0x00000700   0x000000a2   Code   RO         5211    .text               mf_w.l(dsqrt.o)
    0x000007a2   0x000007a2   0x00000002   PAD
    0x000007a4   0x000007a4   0x00000024   Code   RO         5213    .text               mc_w.l(init.o)
    0x000007c8   0x000007c8   0x00000020   Code   RO         5215    .text               mc_w.l(llushr.o)
    0x000007e8   0x000007e8   0x00000056   Code   RO         5225    .text               mc_w.l(__dczerorl2.o)
    0x0000083e   0x0000083e   0x00000002   PAD
    0x00000840   0x00000840   0x0000002c   Code   RO         1138    i.ADC0Handler       drv_adc.o
    0x0000086c   0x0000086c   0x00000068   Code   RO         1694    i.ADCIntRegister    driverlib.lib(adc.o)
    0x000008d4   0x000008d4   0x000000d8   Code   RO          246    i.ANO_DT_Init       ano_dt_lx.o
    0x000009ac   0x000009ac   0x000001f0   Code   RO          247    i.ANO_DT_LX_Data_Receive_Anl  ano_dt_lx.o
    0x00000b9c   0x00000b9c   0x00000118   Code   RO          248    i.ANO_DT_LX_Data_Receive_Prepare  ano_dt_lx.o
    0x00000cb4   0x00000cb4   0x00000010   Code   RO          249    i.ANO_DT_LX_Send_Data  ano_dt_lx.o
    0x00000cc4   0x00000cc4   0x00000050   Code   RO          250    i.ANO_LX_Data_Exchange_Task  ano_dt_lx.o
    0x00000d14   0x00000d14   0x000000c8   Code   RO          345    i.ANO_LX_Task       ano_lx.o
    0x00000ddc   0x00000ddc   0x000002bc   Code   RO          251    i.Add_Send_Data     ano_dt_lx.o
    0x00001098   0x00001098   0x00000070   Code   RO         1024    i.AllInit           user_control.o
    0x00001108   0x00001108   0x00000068   Code   RO          634    i.All_Init          drv_bsp.o
    0x00001170   0x00001170   0x00000188   Code   RO         1025    i.Ang_Ctrl          user_control.o
    0x000012f8   0x000012f8   0x000000c0   Code   RO          832    i.AnoOF_Check_State  drv_anoof.o
    0x000013b8   0x000013b8   0x0000017c   Code   RO          833    i.AnoOF_DataAnl     drv_anoof.o
    0x00001534   0x00001534   0x0000010c   Code   RO          834    i.AnoOF_GetOneByte  drv_anoof.o
    0x00001640   0x00001640   0x00000024   Code   RO          346    i.Bat_Voltage_Data_Handle  ano_lx.o
    0x00001664   0x00001664   0x00000010   Code   RO          252    i.CK_Back           ano_dt_lx.o
    0x00001674   0x00001674   0x00000068   Code   RO          253    i.CK_Back_Check     ano_dt_lx.o
    0x000016dc   0x000016dc   0x0000001c   Code   RO          254    i.CMD_Send          ano_dt_lx.o
    0x000016f8   0x000016f8   0x00000090   Code   RO          255    i.Check_To_Send     ano_dt_lx.o
    0x00001788   0x00001788   0x000000b8   Code   RO         1139    i.DrvAdcInit        drv_adc.o
    0x00001840   0x00001840   0x000000b4   Code   RO         1191    i.DrvLedOnOff       drv_led.o
    0x000018f4   0x000018f4   0x000000ec   Code   RO         1234    i.DrvMotorPWMSet    drv_pwmout.o
    0x000019e0   0x000019e0   0x00000064   Code   RO          635    i.DrvPpmGetOneCh    drv_bsp.o
    0x00001a44   0x00001a44   0x000002d8   Code   RO         1235    i.DrvPwmOutInit     drv_pwmout.o
    0x00001d1c   0x00001d1c   0x00000018   Code   RO          636    i.DrvRcInputInit    drv_bsp.o
    0x00001d34   0x00001d34   0x000000f8   Code   RO          637    i.DrvRcInputTask    drv_bsp.o
    0x00001e2c   0x00001e2c   0x000000d4   Code   RO         1278    i.DrvRcPpmInit      drv_rcin.o
    0x00001f00   0x00001f00   0x000000b8   Code   RO         1279    i.DrvRcSbusInit     drv_rcin.o
    0x00001fb8   0x00001fb8   0x00000248   Code   RO          638    i.DrvSbusGetOneByte  drv_bsp.o
    0x00002200   0x00002200   0x00000050   Code   RO         1078    i.DrvSysInit        drv_sys.o
    0x00002250   0x00002250   0x0000007c   Code   RO         1569    i.DrvTimerFcInit    drv_timer.o
    0x000022cc   0x000022cc   0x000000d0   Code   RO         1325    i.DrvUart1Init      drv_uart.o
    0x0000239c   0x0000239c   0x00000034   Code   RO         1326    i.DrvUart1SendBuf   drv_uart.o
    0x000023d0   0x000023d0   0x00000044   Code   RO         1327    i.DrvUart1TxCheck   drv_uart.o
    0x00002414   0x00002414   0x000000d8   Code   RO         1328    i.DrvUart2Init      drv_uart.o
    0x000024ec   0x000024ec   0x00000044   Code   RO         1330    i.DrvUart2TxCheck   drv_uart.o
    0x00002530   0x00002530   0x000000d8   Code   RO         1331    i.DrvUart3Init      drv_uart.o
    0x00002608   0x00002608   0x00000034   Code   RO         1332    i.DrvUart3SendBuf   drv_uart.o
    0x0000263c   0x0000263c   0x00000044   Code   RO         1333    i.DrvUart3TxCheck   drv_uart.o
    0x00002680   0x00002680   0x000000d8   Code   RO         1334    i.DrvUart4Init      drv_uart.o
    0x00002758   0x00002758   0x00000044   Code   RO         1336    i.DrvUart4TxCheck   drv_uart.o
    0x0000279c   0x0000279c   0x000000f4   Code   RO         1337    i.DrvUart5Init      drv_uart.o
    0x00002890   0x00002890   0x00000034   Code   RO         1338    i.DrvUart5SendBuf   drv_uart.o
    0x000028c4   0x000028c4   0x00000044   Code   RO         1339    i.DrvUart5TxCheck   drv_uart.o
    0x00002908   0x00002908   0x00000018   Code   RO         1340    i.DrvUartDataCheck  drv_uart.o
    0x00002920   0x00002920   0x00000070   Code   RO         1140    i.Drv_AdcGetBatVot  drv_adc.o
    0x00002990   0x00002990   0x00000084   Code   RO         1192    i.DvrLedInit        drv_led.o
    0x00002a14   0x00002a14   0x0000017c   Code   RO          347    i.ESC_Output        ano_lx.o
    0x00002b90   0x00002b90   0x00000014   Code   RO         1026    i.FC_Ctrl           user_control.o
    0x00002ba4   0x00002ba4   0x00000054   Code   RO          981    i.FC_DateUpdate     user_send.o
    0x00002bf8   0x00002bf8   0x00000040   Code   RO          451    i.FC_Lock           lx_fc_fun.o
    0x00002c38   0x00002c38   0x00000040   Code   RO          452    i.FC_Unlock         lx_fc_fun.o
    0x00002c78   0x00002c78   0x000000c8   Code   RO          256    i.Frame_Send        ano_dt_lx.o
    0x00002d40   0x00002d40   0x0000014c   Code   RO          874    i.GPS_Data_Prepare_Task  drv_ubloxgps.o
    0x00002e8c   0x00002e8c   0x00000010   Code   RO          875    i.GPS_Rate_H        drv_ubloxgps.o
    0x00002e9c   0x00002e9c   0x000000b0   Code   RO          414    i.General_Velocity_Data_Handle  lx_fc_ext_sensor.o
    0x00002f4c   0x00002f4c   0x0000000c   Code   RO         1079    i.GetSysRunTimeMs   drv_sys.o
    0x00002f58   0x00002f58   0x00000034   Code   RO         1080    i.GetSysRunTimeUs   drv_sys.o
    0x00002f8c   0x00002f8c   0x00000038   Code   RO          454    i.Horizontal_Calibrate  lx_fc_fun.o
    0x00002fc4   0x00002fc4   0x000000e0   Code   RO          877    i.Init_GPS          drv_ubloxgps.o
    0x000030a4   0x000030a4   0x00000064   Code   RO         3895    i.IntEnable         driverlib.lib(interrupt.o)
    0x00003108   0x00003108   0x00000034   Code   RO         3907    i.IntRegister       driverlib.lib(interrupt.o)
    0x0000313c   0x0000313c   0x000000ca   Code   RO          926    i.Inverse_Rotation_Matrix  user_data.o
    0x00003206   0x00003206   0x00000002   PAD
    0x00003208   0x00003208   0x00000058   Code   RO         1193    i.LED_1ms_DRV       drv_led.o
    0x00003260   0x00003260   0x000000a4   Code   RO          535    i.LX_Cali_Trig_Check  lx_fc_state.o
    0x00003304   0x00003304   0x0000005c   Code   RO          456    i.LX_Change_Mode    lx_fc_fun.o
    0x00003360   0x00003360   0x00000060   Code   RO          415    i.LX_FC_EXT_Sensor_Task  lx_fc_ext_sensor.o
    0x000033c0   0x000033c0   0x00000020   Code   RO          536    i.LX_FC_State_Task  lx_fc_state.o
    0x000033e0   0x000033e0   0x000001d0   Code   RO          537    i.LX_Unlock_Lock_Check  lx_fc_state.o
    0x000035b0   0x000035b0   0x00000220   Code   RO         1027    i.Loc_Ctrl          user_control.o
    0x000037d0   0x000037d0   0x00000002   Code   RO           95    i.Loop_1000Hz       ano_scheduler.o
    0x000037d2   0x000037d2   0x00000002   Code   RO           96    i.Loop_100Hz        ano_scheduler.o
    0x000037d4   0x000037d4   0x0000016c   Code   RO           97    i.Loop_200Hz        ano_scheduler.o
    0x00003940   0x00003940   0x0000000c   Code   RO           98    i.Loop_20Hz         ano_scheduler.o
    0x0000394c   0x0000394c   0x00000002   Code   RO           99    i.Loop_2Hz          ano_scheduler.o
    0x0000394e   0x0000394e   0x00000002   Code   RO          100    i.Loop_500Hz        ano_scheduler.o
    0x00003950   0x00003950   0x0000000e   Code   RO          101    i.Loop_50Hz         ano_scheduler.o
    0x0000395e   0x0000395e   0x00000002   PAD
    0x00003960   0x00003960   0x00000038   Code   RO          457    i.Mag_Calibrate     lx_fc_fun.o
    0x00003998   0x00003998   0x00000020   Code   RO          577    i.Mid360_Check_Reset  mid360.o
    0x000039b8   0x000039b8   0x0000017c   Code   RO          578    i.Mid360_DataAnl    mid360.o
    0x00003b34   0x00003b34   0x00000038   Code   RO          579    i.Mid360_UpdateCheck  mid360.o
    0x00003b6c   0x00003b6c   0x00000184   Code   RO          580    i.Mid360send_Data   mid360.o
    0x00003cf0   0x00003cf0   0x00000024   Code   RO         1081    i.MyDelayMs         drv_sys.o
    0x00003d14   0x00003d14   0x0000008a   Code   RO          927    i.NormalizeQuaternion  user_data.o
    0x00003d9e   0x00003d9e   0x00000002   PAD
    0x00003da0   0x00003da0   0x00000038   Code   RO          459    i.OneKey_Return_Home  lx_fc_fun.o
    0x00003dd8   0x00003dd8   0x00000048   Code   RO          460    i.OneKey_Takeoff    lx_fc_fun.o
    0x00003e20   0x00003e20   0x00000014   Code   RO          257    i.PAR_Back          ano_dt_lx.o
    0x00003e34   0x00003e34   0x00000084   Code   RO         1280    i.PPM_Decode        drv_rcin.o
    0x00003eb8   0x00003eb8   0x000002cc   Code   RO          348    i.RC_Data_Task      ano_lx.o
    0x00004184   0x00004184   0x00000050   Code   RO         1281    i.Sbus_IRQHandler   drv_rcin.o
    0x000041d4   0x000041d4   0x00000050   Code   RO          102    i.Scheduler_Run     ano_scheduler.o
    0x00004224   0x00004224   0x00000050   Code   RO          103    i.Scheduler_Setup   ano_scheduler.o
    0x00004274   0x00004274   0x000000a4   Code   RO          982    i.Send_To_Analyze   user_send.o
    0x00004318   0x00004318   0x00000068   Code   RO          983    i.Send_To_Board     user_send.o
    0x00004380   0x00004380   0x00000154   Code   RO         1958    i.SysCtlClockGet    driverlib.lib(sysctl.o)
    0x000044d4   0x000044d4   0x00000018   Code   RO         1082    i.SysTick_Handler   drv_sys.o
    0x000044ec   0x000044ec   0x00000036   Code   RO         1083    i.SysTick_Init      drv_sys.o
    0x00004522   0x00004522   0x00000002   PAD
    0x00004524   0x00004524   0x00000098   Code   RO         1610    i.SystemInit        system_tm4c123.o
    0x000045bc   0x000045bc   0x00000014   Code   RO         1570    i.Timer0Irq         drv_timer.o
    0x000045d0   0x000045d0   0x00000004   Code   RO         2323    i.TimerIntClear     driverlib.lib(timer.o)
    0x000045d4   0x000045d4   0x00000068   Code   RO         2326    i.TimerIntRegister  driverlib.lib(timer.o)
    0x0000463c   0x0000463c   0x00000058   Code   RO         1342    i.UART1_IRQHandler  drv_uart.o
    0x00004694   0x00004694   0x00000058   Code   RO         1343    i.UART2_IRQHandler  drv_uart.o
    0x000046ec   0x000046ec   0x00000058   Code   RO         1344    i.UART3_IRQHandler  drv_uart.o
    0x00004744   0x00004744   0x00000058   Code   RO         1345    i.UART4_IRQHandler  drv_uart.o
    0x0000479c   0x0000479c   0x00000058   Code   RO         1346    i.UART5_IRQHandler  drv_uart.o
    0x000047f4   0x000047f4   0x00000058   Code   RO         2581    i.UARTIntRegister   driverlib.lib(uart.o)
    0x0000484c   0x0000484c   0x00000164   Code   RO          878    i.UBLOX_M8_GPS_Data_Receive  drv_ubloxgps.o
    0x000049b0   0x000049b0   0x000002dc   Code   RO          928    i.UWB_ReceiveOneByte  user_data.o
    0x00004c8c   0x00004c8c   0x00000318   Code   RO          208    i.User_Height       user_task.o
    0x00004fa4   0x00004fa4   0x0000007a   Code   RO         5146    i.__hardfp_sqrt     m_wm.l(sqrt.o)
    0x0000501e   0x0000501e   0x0000000e   Code   RO         5219    i.__scatterload_copy  mc_w.l(handlers.o)
    0x0000502c   0x0000502c   0x00000002   Code   RO         5220    i.__scatterload_null  mc_w.l(handlers.o)
    0x0000502e   0x0000502e   0x0000000e   Code   RO         5221    i.__scatterload_zeroinit  mc_w.l(handlers.o)
    0x0000503c   0x0000503c   0x0000000c   Code   RO         5201    i.__set_errno       mc_w.l(errno.o)
    0x00005048   0x00005048   0x00000018   Code   RO         1141    i.drvAdcTrigger     drv_adc.o
    0x00005060   0x00005060   0x0000018c   Code   RO         1028    i.height_control    user_control.o
    0x000051ec   0x000051ec   0x00000010   Code   RO            4    i.main              main.o
    0x000051fc   0x000051fc   0x000000e0   Code   RO          581    i.mid360_GetOneByte  mid360.o
    0x000052dc   0x000052dc   0x00000036   Code   RO          706    i.my_deadzone       ano_math.o
    0x00005312   0x00005312   0x00000002   PAD
    0x00005314   0x00005314   0x000000b8   Code   RO          639    i.rcSignalCheck     drv_bsp.o
    0x000053cc   0x000053cc   0x00000254   Data   RO         2011    .constdata          driverlib.lib(sysctl.o)
    0x00005620   0x00005620   0x000000a0   Data   RO         2347    .constdata          driverlib.lib(timer.o)
    0x000056c0   0x000056c0   0x00000080   Data   RO         2598    .constdata          driverlib.lib(uart.o)
    0x00005740   0x00005740   0x0000010c   Data   RO         3911    .constdata          driverlib.lib(interrupt.o)
    0x0000584c   0x0000584c   0x00000020   Data   RO         5217    Region$$Table       anon$$obj.o


    Execution Region ER_RW (Exec base: 0x20000000, Load base: 0x0000586c, Size: 0x00000a6c, Max: 0xffffffff, ABSOLUTE, COMPRESSED[0x000000f4])

    Exec Addr    Load Addr    Size         Type   Attr      Idx    E Section Name        Object

    0x20000000   COMPRESSED   0x00000060   Data   RW          104    .data               ano_scheduler.o
    0x20000060   COMPRESSED   0x00000276   Data   RW          209    .data               user_task.o
    0x200002d6   COMPRESSED   0x00000006   Data   RW          259    .data               ano_dt_lx.o
    0x200002dc   COMPRESSED   0x0000002c   Data   RW          350    .data               ano_lx.o
    0x20000308   COMPRESSED   0x00000010   Data   RW          417    .data               lx_fc_ext_sensor.o
    0x20000318   COMPRESSED   0x00000001   Data   RW          461    .data               lx_fc_fun.o
    0x20000319   COMPRESSED   0x00000001   PAD
    0x2000031a   COMPRESSED   0x00000006   Data   RW          539    .data               lx_fc_state.o
    0x20000320   COMPRESSED   0x00000011   Data   RW          583    .data               mid360.o
    0x20000331   COMPRESSED   0x00000003   PAD
    0x20000334   COMPRESSED   0x00000013   Data   RW          641    .data               drv_bsp.o
    0x20000347   COMPRESSED   0x00000003   Data   RW          836    .data               drv_anoof.o
    0x2000034a   COMPRESSED   0x000000b6   Data   RW          880    .data               drv_ubloxgps.o
    0x20000400   COMPRESSED   0x00000005   Data   RW          932    .data               user_data.o
    0x20000405   COMPRESSED   0x00000003   PAD
    0x20000408   COMPRESSED   0x0000006e   Data   RW         1029    .data               user_control.o
    0x20000476   COMPRESSED   0x00000002   PAD
    0x20000478   COMPRESSED   0x00000008   Data   RW         1084    .data               drv_sys.o
    0x20000480   COMPRESSED   0x00000004   Data   RW         1142    .data               drv_adc.o
    0x20000484   COMPRESSED   0x0000000c   Data   RW         1194    .data               drv_led.o
    0x20000490   COMPRESSED   0x0000000c   Data   RW         1282    .data               drv_rcin.o
    0x2000049c   COMPRESSED   0x00000015   Data   RW         1348    .data               drv_uart.o
    0x200004b1   COMPRESSED   0x00000003   PAD
    0x200004b4   COMPRESSED   0x00000004   Data   RW         5202    .data               mc_w.l(errno.o)
    0x200004b8   COMPRESSED   0x00000348   PAD
    0x20000800   COMPRESSED   0x0000026c   Data   RW         3912    vtable              driverlib.lib(interrupt.o)


    Execution Region ER_ZI (Exec base: 0x20000a6c, Load base: 0x00005960, Size: 0x00001ab4, Max: 0xffffffff, ABSOLUTE)

    Exec Addr    Load Addr    Size         Type   Attr      Idx    E Section Name        Object

    0x20000a6c        -       0x00000750   Zero   RW          258    .bss                ano_dt_lx.o
    0x200011bc        -       0x00000038   Zero   RW          349    .bss                ano_lx.o
    0x200011f4        -       0x00000030   Zero   RW          416    .bss                lx_fc_ext_sensor.o
    0x20001224        -       0x0000000b   Zero   RW          538    .bss                lx_fc_state.o
    0x2000122f   0x00005960   0x00000001   PAD
    0x20001230        -       0x000000b8   Zero   RW          582    .bss                mid360.o
    0x200012e8        -       0x0000006b   Zero   RW          640    .bss                drv_bsp.o
    0x20001353   0x00005960   0x00000001   PAD
    0x20001354        -       0x0000007c   Zero   RW          835    .bss                drv_anoof.o
    0x200013d0        -       0x00000064   Zero   RW          879    .bss                drv_ubloxgps.o
    0x20001434        -       0x000001a4   Zero   RW          931    .bss                user_data.o
    0x200015d8        -       0x00000046   Zero   RW          984    .bss                user_send.o
    0x2000161e        -       0x00000500   Zero   RW         1347    .bss                drv_uart.o
    0x20001b1e   0x00005960   0x00000002   PAD
    0x20001b20        -       0x00000a00   Zero   RW         1599    STACK               startup_tm4c123.o


==============================================================================

Image component sizes


      Code (inc. data)   RO Data    RW Data    ZI Data      Debug   Object Name

      2300        136          0          6       1872      10980   ano_dt_lx.o
      1332        114          0         44         56       7014   ano_lx.o
        54          0          0          0          0        738   ano_math.o
       558         68          0         96          0       6736   ano_scheduler.o
       364         64          0          4          0       2730   drv_adc.o
       840         44          0          3        124       4068   drv_anoof.o
      1244         74          0         19        107       5838   drv_bsp.o
       400         32          0         12          0       2767   drv_led.o
       964         76          0          0          0       2117   drv_pwmout.o
       608         80          0         12          0       2515   drv_rcin.o
       258         34          0          8          0      34133   drv_sys.o
       144         18          0          0          0       1197   drv_timer.o
      2060        278          0         21       1280      14765   drv_uart.o
       928         86          0        182        100       4610   drv_ubloxgps.o
       272         46          0         16         48       3567   lx_fc_ext_sensor.o
       460         52          0          1          0       4464   lx_fc_fun.o
       660         46          0          6         11       3069   lx_fc_state.o
        16          0          0          0          0      32639   main.o
      1080         74          0         17        184       5393   mid360.o
       252         10        620          0       2560       5520   startup_tm4c123.o
       152         40          0          0          0        685   system_tm4c123.o
      1464        208          0        110          0       5616   user_control.o
      1072         30          0          5        420       6102   user_data.o
       352         42          0          0         70       3430   user_send.o
       792         98          0        630          0       4011   user_task.o

    ----------------------------------------------------------------------
     18636       1750        652       1204       6836     174704   Object Totals
         0          0         32          0          0          0   (incl. Generated)
        10          0          0         12          4          0   (incl. Padding)

    ----------------------------------------------------------------------

      Code (inc. data)   RO Data    RW Data    ZI Data      Debug   Library Member Name

       104         12          0          0          0       4777   adc.o
       152         16        268        620          0       2150   interrupt.o
       340         36        596          0          0       2653   sysctl.o
       108         16        160          0          0       2255   timer.o
        88         18        128          0          0       1795   uart.o
       122          0          0          0          0        148   sqrt.o
        86          0          0          0          0          0   __dczerorl2.o
         0          0          0          0          0          0   entry.o
         0          0          0          0          0          0   entry10a.o
         0          0          0          0          0          0   entry11a.o
         4          0          0          0          0          0   entry12b.o
         8          4          0          0          0          0   entry2.o
         4          0          0          0          0          0   entry5.o
         0          0          0          0          0          0   entry7b.o
         0          0          0          0          0          0   entry8b.o
         8          4          0          0          0          0   entry9a.o
        12          6          0          4          0         68   errno.o
        30          0          0          0          0          0   handlers.o
        36          8          0          0          0         68   init.o
         0          0          0          0          0          0   iusefp.o
        30          0          0          0          0         68   llshl.o
        32          0          0          0          0         68   llushr.o
        56          0          0          0          0         88   d2f.o
       222          0          0          0          0        100   ddiv.o
       186          0          0          0          0        176   depilogue.o
        26          0          0          0          0         76   dfltui.o
       228          0          0          0          0         96   dmul.o
       162          0          0          0          0        100   dsqrt.o
        38          0          0          0          0         68   f2d.o
       110          0          0          0          0        168   fepilogue.o

    ----------------------------------------------------------------------
      2196        120       1152       1464          0      14922   Library Totals
         4          0          0        840          0          0   (incl. Padding)

    ----------------------------------------------------------------------

      Code (inc. data)   RO Data    RW Data    ZI Data      Debug   Library Name

       792         98       1152        620          0      13630   driverlib.lib
       122          0          0          0          0        148   m_wm.l
       250         22          0          4          0        272   mc_w.l
      1028          0          0          0          0        872   mf_w.l

    ----------------------------------------------------------------------
      2196        120       1152       1464          0      14922   Library Totals

    ----------------------------------------------------------------------

==============================================================================


      Code (inc. data)   RO Data    RW Data    ZI Data      Debug   

     20832       1870       1804       2668       6836     178842   Grand Totals
     20832       1870       1804        244       6836     178842   ELF Image Totals (compressed)
     20832       1870       1804        244          0          0   ROM Totals

==============================================================================

    Total RO  Size (Code + RO Data)                22636 (  22.11kB)
    Total RW  Size (RW Data + ZI Data)              9504 (   9.28kB)
    Total ROM Size (Code + RO Data + RW Data)      22880 (  22.34kB)

==============================================================================

