<html>
<body>
<pre>
<h1>µVision Build Log</h1>
<h2>Tool Versions:</h2>
IDE-Version: ¦ÌVision V5.41.0.0
Copyright (C) 2024 ARM Ltd and ARM Germany GmbH. All rights reserved.
License Information: a Annie, b, LIC=ZB4EI-TLLJI-306NC-7RI72-U7XGC-PTRJC
 
Tool Versions:
Toolchain:       MDK-ARM Plus  Version: 5.41.0.0
Toolchain Path:  E:\Keil\ARM\ARMCompiler_506_Windows_x86_b960\Bin
C Compiler:      Armcc.exe V5.06 update 7 (build 960)
Assembler:       Armasm.exe V5.06 update 7 (build 960)
Linker/Locator:  ArmLink.exe V5.06 update 7 (build 960)
Library Manager: ArmAr.exe V5.06 update 7 (build 960)
Hex Converter:   FromElf.exe V5.06 update 7 (build 960)
CPU DLL:         SARMCM3.DLL V5.41.0.0
Dialog DLL:      DCM.DLL V1.17.5.0
Target DLL:      lmidk-agdi.dll V???
Dialog DLL:      TCM.DLL V1.56.4.0
 
<h2>Project:</h2>
C:\Users\Annie\Desktop\Combination\Techniques\Embedded\drone\ANO_LX_FC-2021-7-18 121043\ANO_LX_FC\ProjectTM4C123\ANO_LX_TM4C123.uvprojx
Project File Date:  04/10/2025

<h2>Output:</h2>
*** Using Compiler 'V5.06 update 7 (build 960)', folder: 'E:\Keil\ARM\ARMCompiler_506_Windows_x86_b960\Bin'
Rebuild target 'Ano_LX'
compiling LX_FC_EXT_Sensor.c...
compiling LX_FC_State.c...
compiling ANO_LX.c...
compiling Drv_BSP.c...
compiling LX_FC_Fun.c...
compiling main.c...
compiling Ano_Scheduler.c...
compiling User_Task.c...
..\FcSrc\User_Task.c(26): warning:  #550-D: variable "fc_yaw"  was set but never used
  		static float fc_yaw;
..\FcSrc\User_Task.c: 1 warning, 0 errors
compiling Ano_Math.c...
compiling ANO_DT_LX.c...
compiling Drv_AnoOf.c...
compiling Drv_Adc.c...
compiling user_data.c...
..\DriversBsp\user_data.c(67): warning:  #177-D: variable "sum"  was declared but never referenced
  	u8 sum;
..\DriversBsp\user_data.c(68): warning:  #177-D: variable "result_qx"  was declared but never referenced
  	s32 result_pos[3], result_vel[3], result_qx[4], v[3];
..\DriversBsp\user_data.c(68): warning:  #177-D: variable "v"  was declared but never referenced
  	s32 result_pos[3], result_vel[3], result_qx[4], v[3];
..\DriversBsp\user_data.c(69): warning:  #550-D: variable "px"  was set but never used
  	s32 px, py, pz;
..\DriversBsp\user_data.c(69): warning:  #550-D: variable "py"  was set but never used
  	s32 px, py, pz;
..\DriversBsp\user_data.c(69): warning:  #550-D: variable "pz"  was set but never used
  	s32 px, py, pz;
..\DriversBsp\user_data.c(177): warning:  #177-D: variable "sum"  was declared but never referenced
  	u8 sum;
..\DriversBsp\user_data.c(178): warning:  #177-D: variable "result_qx"  was declared but never referenced
  	s32 result_pos[3], result_vel[3], result_qx[4], v[3];
..\DriversBsp\user_data.c(178): warning:  #177-D: variable "v"  was declared but never referenced
  	s32 result_pos[3], result_vel[3], result_qx[4], v[3];
..\DriversBsp\user_data.c(179): warning:  #550-D: variable "px"  was set but never used
  	s32 px, py, pz;
..\DriversBsp\user_data.c(179): warning:  #550-D: variable "py"  was set but never used
  	s32 px, py, pz;
..\DriversBsp\user_data.c(179): warning:  #550-D: variable "pz"  was set but never used
  	s32 px, py, pz;
..\DriversBsp\user_data.c: 12 warnings, 0 errors
compiling Drv_UbloxGPS.c...
compiling Drv_Led.c...
compiling Drv_PwmOut.c...
compiling Drv_Sys.c...
assembling startup_TM4C123.s...
compiling usb_serial_structs.c...
compiling Drv_RcIn.c...
compiling system_TM4C123.c...
compiling Drv_Usb.c...
compiling Drv_Uart.c...
compiling Drv_Timer.c...
linking...
Program Size: Code=21044 RO-data=1804 RW-data=1644 ZI-data=6580  
".\build\ANO_PioneerPro_Ti.axf" - 0 Error(s), 13 Warning(s).

<h2>Software Packages used:</h2>

Package Vendor: Keil
                http://www.keil.com/pack/Keil.TM4C_DFP.1.1.0.pack
                Keil::TM4C_DFP@1.1.0
                Texas Instruments Tiva C Series Device Support and Examples

<h2>Collection of Component include folders:</h2>
  E:/Keil/ARM/PACK/Keil/TM4C_DFP/1.1.0/Device/Include/TM4C123

<h2>Collection of Component Files used:</h2>
Build Time Elapsed:  00:00:03
</pre>
</body>
</html>
