<html>
<body>
<pre>
<h1>µVision Build Log</h1>
<h2>Tool Versions:</h2>
IDE-Version: ¦ÌVision V5.41.0.0
Copyright (C) 2024 ARM Ltd and ARM Germany GmbH. All rights reserved.
License Information: a Annie, b, LIC=ZB4EI-TLLJI-306NC-7RI72-U7XGC-PTRJC
 
Tool Versions:
Toolchain:       MDK-ARM Plus  Version: 5.41.0.0
Toolchain Path:  E:\Keil\ARM\ARMCompiler_506_Windows_x86_b960\Bin
C Compiler:      Armcc.exe V5.06 update 7 (build 960)
Assembler:       Armasm.exe V5.06 update 7 (build 960)
Linker/Locator:  ArmLink.exe V5.06 update 7 (build 960)
Library Manager: ArmAr.exe V5.06 update 7 (build 960)
Hex Converter:   FromElf.exe V5.06 update 7 (build 960)
CPU DLL:         SARMCM3.DLL V5.41.0.0
Dialog DLL:      DCM.DLL V1.17.5.0
Target DLL:      lmidk-agdi.dll V???
Dialog DLL:      TCM.DLL V1.56.4.0
 
<h2>Project:</h2>
C:\Users\Annie\Desktop\Combination\Techniques\Embedded\drone\ANO_LX_FC-2021-7-18 121043\ANO_LX_FC\ProjectTM4C123\ANO_LX_TM4C123.uvprojx
Project File Date:  06/29/2025

<h2>Output:</h2>
*** Using Compiler 'V5.06 update 7 (build 960)', folder: 'E:\Keil\ARM\ARMCompiler_506_Windows_x86_b960\Bin'
Build target 'Ano_LX'
compiling User_Task.c...
..\FcSrc\User_Task.c(38): warning:  #550-D: variable "fc_yaw"  was set but never used
  	static float fc_yaw;
..\FcSrc\User_Task.c(263): warning:  #550-D: variable "fc_yaw"  was set but never used
  	static float fc_yaw;
..\FcSrc\User_Task.c(13): warning:  #177-D: variable "start_point_xyz"  was declared but never referenced
  static s32 start_point_xyz[2];
..\FcSrc\User_Task.c(15): warning:  #177-D: variable "expect_point_xy"  was declared but never referenced
  static s32 expect_point_xy[5][2] = {{0, 150}, {100, 150}, {100, 250}, {20, 250}, {20, 20}}; // Broken line
..\FcSrc\User_Task.c(16): warning:  #177-D: variable "expect_point_xy_1"  was declared but never referenced
  static s32 expect_point_xy_1[5][2] = {{90, 0}, {180, 0}, {180, 150}, {30, 150}, {30, 50}};	// Broken line
..\FcSrc\User_Task.c: 5 warnings, 0 errors
linking...
Program Size: Code=20832 RO-data=1804 RW-data=2668 ZI-data=6836  
".\build\ANO_PioneerPro_Ti.axf" - 0 Error(s), 5 Warning(s).

<h2>Software Packages used:</h2>

Package Vendor: Keil
                http://www.keil.com/pack/Keil.TM4C_DFP.1.1.0.pack
                Keil::TM4C_DFP@1.1.0
                Texas Instruments Tiva C Series Device Support and Examples

<h2>Collection of Component include folders:</h2>
  E:/Keil/ARM/PACK/Keil/TM4C_DFP/1.1.0/Device/Include/TM4C123

<h2>Collection of Component Files used:</h2>
Build Time Elapsed:  00:00:00
</pre>
</body>
</html>
